Archive member included to satisfy reference by file (symbol)

D:/STM32/STM32CubeIDE_1.13.2/STM32CubeIDE/plugins/com.st.stm32cube.ide.mcu.externaltools.gnu-tools-for-stm32.11.3.rel1.win32_1.1.1.202309131626/tools/bin/../lib/gcc/arm-none-eabi/11.3.1/../../../../arm-none-eabi/lib/thumb/v7e-m+fp/hard\libc_nano.a(libc_a-exit.o)
                              D:/STM32/STM32CubeIDE_1.13.2/STM32CubeIDE/plugins/com.st.stm32cube.ide.mcu.externaltools.gnu-tools-for-stm32.11.3.rel1.win32_1.1.1.202309131626/tools/bin/../lib/gcc/arm-none-eabi/11.3.1/../../../../arm-none-eabi/lib/thumb/v7e-m+fp/hard/crt0.o (exit)
D:/STM32/STM32CubeIDE_1.13.2/STM32CubeIDE/plugins/com.st.stm32cube.ide.mcu.externaltools.gnu-tools-for-stm32.11.3.rel1.win32_1.1.1.202309131626/tools/bin/../lib/gcc/arm-none-eabi/11.3.1/../../../../arm-none-eabi/lib/thumb/v7e-m+fp/hard\libc_nano.a(libc_a-findfp.o)
                              ./Middlewares/Third_Party/FreeRTOS/Source/tasks.o (__sf)
D:/STM32/STM32CubeIDE_1.13.2/STM32CubeIDE/plugins/com.st.stm32cube.ide.mcu.externaltools.gnu-tools-for-stm32.11.3.rel1.win32_1.1.1.202309131626/tools/bin/../lib/gcc/arm-none-eabi/11.3.1/../../../../arm-none-eabi/lib/thumb/v7e-m+fp/hard\libc_nano.a(libc_a-fwalk.o)
                              D:/STM32/STM32CubeIDE_1.13.2/STM32CubeIDE/plugins/com.st.stm32cube.ide.mcu.externaltools.gnu-tools-for-stm32.11.3.rel1.win32_1.1.1.202309131626/tools/bin/../lib/gcc/arm-none-eabi/11.3.1/../../../../arm-none-eabi/lib/thumb/v7e-m+fp/hard\libc_nano.a(libc_a-findfp.o) (_fwalk_sglue)
D:/STM32/STM32CubeIDE_1.13.2/STM32CubeIDE/plugins/com.st.stm32cube.ide.mcu.externaltools.gnu-tools-for-stm32.11.3.rel1.win32_1.1.1.202309131626/tools/bin/../lib/gcc/arm-none-eabi/11.3.1/../../../../arm-none-eabi/lib/thumb/v7e-m+fp/hard\libc_nano.a(libc_a-printf.o)
                              ./Core/Src/freertos.o (printf)
D:/STM32/STM32CubeIDE_1.13.2/STM32CubeIDE/plugins/com.st.stm32cube.ide.mcu.externaltools.gnu-tools-for-stm32.11.3.rel1.win32_1.1.1.202309131626/tools/bin/../lib/gcc/arm-none-eabi/11.3.1/../../../../arm-none-eabi/lib/thumb/v7e-m+fp/hard\libc_nano.a(libc_a-stdio.o)
                              D:/STM32/STM32CubeIDE_1.13.2/STM32CubeIDE/plugins/com.st.stm32cube.ide.mcu.externaltools.gnu-tools-for-stm32.11.3.rel1.win32_1.1.1.202309131626/tools/bin/../lib/gcc/arm-none-eabi/11.3.1/../../../../arm-none-eabi/lib/thumb/v7e-m+fp/hard\libc_nano.a(libc_a-findfp.o) (__sread)
D:/STM32/STM32CubeIDE_1.13.2/STM32CubeIDE/plugins/com.st.stm32cube.ide.mcu.externaltools.gnu-tools-for-stm32.11.3.rel1.win32_1.1.1.202309131626/tools/bin/../lib/gcc/arm-none-eabi/11.3.1/../../../../arm-none-eabi/lib/thumb/v7e-m+fp/hard\libc_nano.a(libc_a-memset.o)
                              D:/STM32/STM32CubeIDE_1.13.2/STM32CubeIDE/plugins/com.st.stm32cube.ide.mcu.externaltools.gnu-tools-for-stm32.11.3.rel1.win32_1.1.1.202309131626/tools/bin/../lib/gcc/arm-none-eabi/11.3.1/../../../../arm-none-eabi/lib/thumb/v7e-m+fp/hard/crt0.o (memset)
D:/STM32/STM32CubeIDE_1.13.2/STM32CubeIDE/plugins/com.st.stm32cube.ide.mcu.externaltools.gnu-tools-for-stm32.11.3.rel1.win32_1.1.1.202309131626/tools/bin/../lib/gcc/arm-none-eabi/11.3.1/../../../../arm-none-eabi/lib/thumb/v7e-m+fp/hard\libc_nano.a(libc_a-closer.o)
                              D:/STM32/STM32CubeIDE_1.13.2/STM32CubeIDE/plugins/com.st.stm32cube.ide.mcu.externaltools.gnu-tools-for-stm32.11.3.rel1.win32_1.1.1.202309131626/tools/bin/../lib/gcc/arm-none-eabi/11.3.1/../../../../arm-none-eabi/lib/thumb/v7e-m+fp/hard\libc_nano.a(libc_a-stdio.o) (_close_r)
D:/STM32/STM32CubeIDE_1.13.2/STM32CubeIDE/plugins/com.st.stm32cube.ide.mcu.externaltools.gnu-tools-for-stm32.11.3.rel1.win32_1.1.1.202309131626/tools/bin/../lib/gcc/arm-none-eabi/11.3.1/../../../../arm-none-eabi/lib/thumb/v7e-m+fp/hard\libc_nano.a(libc_a-reent.o)
                              ./Middlewares/Third_Party/FreeRTOS/Source/tasks.o (_reclaim_reent)
D:/STM32/STM32CubeIDE_1.13.2/STM32CubeIDE/plugins/com.st.stm32cube.ide.mcu.externaltools.gnu-tools-for-stm32.11.3.rel1.win32_1.1.1.202309131626/tools/bin/../lib/gcc/arm-none-eabi/11.3.1/../../../../arm-none-eabi/lib/thumb/v7e-m+fp/hard\libc_nano.a(libc_a-impure.o)
                              ./Middlewares/Third_Party/FreeRTOS/Source/tasks.o (_impure_ptr)
D:/STM32/STM32CubeIDE_1.13.2/STM32CubeIDE/plugins/com.st.stm32cube.ide.mcu.externaltools.gnu-tools-for-stm32.11.3.rel1.win32_1.1.1.202309131626/tools/bin/../lib/gcc/arm-none-eabi/11.3.1/../../../../arm-none-eabi/lib/thumb/v7e-m+fp/hard\libc_nano.a(libc_a-lseekr.o)
                              D:/STM32/STM32CubeIDE_1.13.2/STM32CubeIDE/plugins/com.st.stm32cube.ide.mcu.externaltools.gnu-tools-for-stm32.11.3.rel1.win32_1.1.1.202309131626/tools/bin/../lib/gcc/arm-none-eabi/11.3.1/../../../../arm-none-eabi/lib/thumb/v7e-m+fp/hard\libc_nano.a(libc_a-stdio.o) (_lseek_r)
[...]
Memory Configuration

Name             Origin             Length             Attributes
RAM              0x0000000020000000 0x0000000000020000 xrw
FLASH            0x0000000008000000 0x0000000000080000 xr
*default*        0x0000000000000000 0xffffffffffffffff

Linker script and memory map

LOAD D:/STM32/STM32CubeIDE_1.13.2/STM32CubeIDE/plugins/com.st.stm32cube.ide.mcu.externaltools.gnu-tools-for-stm32.11.3.rel1.win32_1.1.1.202309131626/tools/bin/../lib/gcc/arm-none-eabi/11.3.1/thumb/v7e-m+fp/hard/crti.o
LOAD D:/STM32/STM32CubeIDE_1.13.2/STM32CubeIDE/plugins/com.st.stm32cube.ide.mcu.externaltools.gnu-tools-for-stm32.11.3.rel1.win32_1.1.1.202309131626/tools/bin/../lib/gcc/arm-none-eabi/11.3.1/thumb/v7e-m+fp/hard/crtbegin.o
LOAD D:/STM32/STM32CubeIDE_1.13.2/STM32CubeIDE/plugins/com.st.stm32cube.ide.mcu.externaltools.gnu-tools-for-stm32.11.3.rel1.win32_1.1.1.202309131626/tools/bin/../lib/gcc/arm-none-eabi/11.3.1/../../../../arm-none-eabi/lib/thumb/v7e-m+fp/hard/crt0.o
LOAD ./Core/Src/2DigitsDispaly.o
LOAD ./Core/Src/dma.o
LOAD ./Core/Src/freertos.o
LOAD ./Core/Src/gpio.o
LOAD ./Core/Src/main.o
LOAD ./Core/Src/rtc.o
LOAD ./Core/Src/spi.o
LOAD ./Core/Src/stm32f4xx_hal_msp.o
LOAD ./Core/Src/stm32f4xx_hal_timebase_tim.o
LOAD ./Core/Src/stm32f4xx_it.o
LOAD ./Core/Src/syscalls.o
LOAD ./Core/Src/sysmem.o
LOAD ./Core/Src/system_stm32f4xx.o
LOAD ./Core/Src/usart.o
LOAD ./Core/Startup/startup_stm32f411retx.o
LOAD ./Drivers/STM32F4xx_HAL_Driver/Src/stm32f4xx_hal.o
LOAD ./Drivers/STM32F4xx_HAL_Driver/Src/stm32f4xx_hal_cortex.o
LOAD ./Drivers/STM32F4xx_HAL_Driver/Src/stm32f4xx_hal_dma.o
LOAD ./Drivers/STM32F4xx_HAL_Driver/Src/stm32f4xx_hal_dma_ex.o
LOAD ./Drivers/STM32F4xx_HAL_Driver/Src/stm32f4xx_hal_exti.o
LOAD ./Drivers/STM32F4xx_HAL_Driver/Src/stm32f4xx_hal_flash.o
LOAD ./Drivers/STM32F4xx_HAL_Driver/Src/stm32f4xx_hal_flash_ex.o
LOAD ./Drivers/STM32F4xx_HAL_Driver/Src/stm32f4xx_hal_flash_ramfunc.o
LOAD ./Drivers/STM32F4xx_HAL_Driver/Src/stm32f4xx_hal_gpio.o
LOAD ./Drivers/STM32F4xx_HAL_Driver/Src/stm32f4xx_hal_pwr.o
LOAD ./Drivers/STM32F4xx_HAL_Driver/Src/stm32f4xx_hal_pwr_ex.o
LOAD ./Drivers/STM32F4xx_HAL_Driver/Src/stm32f4xx_hal_rcc.o
LOAD ./Drivers/STM32F4xx_HAL_Driver/Src/stm32f4xx_hal_rcc_ex.o
LOAD ./Drivers/STM32F4xx_HAL_Driver/Src/stm32f4xx_hal_rtc.o
LOAD ./Drivers/STM32F4xx_HAL_Driver/Src/stm32f4xx_hal_rtc_ex.o
LOAD ./Drivers/STM32F4xx_HAL_Driver/Src/stm32f4xx_hal_spi.o
LOAD ./Drivers/STM32F4xx_HAL_Driver/Src/stm32f4xx_hal_tim.o
LOAD ./Drivers/STM32F4xx_HAL_Driver/Src/stm32f4xx_hal_tim_ex.o
LOAD ./Drivers/STM32F4xx_HAL_Driver/Src/stm32f4xx_hal_uart.o
LOAD ./Middlewares/Third_Party/FreeRTOS/Source/CMSIS_RTOS_V2/cmsis_os2.o
LOAD ./Middlewares/Third_Party/FreeRTOS/Source/croutine.o
LOAD ./Middlewares/Third_Party/FreeRTOS/Source/event_groups.o
LOAD ./Middlewares/Third_Party/FreeRTOS/Source/list.o
LOAD ./Middlewares/Third_Party/FreeRTOS/Source/queue.o
LOAD ./Middlewares/Third_Party/FreeRTOS/Source/stream_buffer.o
LOAD ./Middlewares/Third_Party/FreeRTOS/Source/tasks.o
LOAD ./Middlewares/Third_Party/FreeRTOS/Source/timers.o
LOAD ./Middlewares/Third_Party/FreeRTOS/Source/portable/GCC/ARM_CM4F/port.o
LOAD ./Middlewares/Third_Party/FreeRTOS/Source/portable/MemMang/heap_4.o
START GROUP
LOAD D:/STM32/STM32CubeIDE_1.13.2/STM32CubeIDE/plugins/com.st.stm32cube.ide.mcu.externaltools.gnu-tools-for-stm32.11.3.rel1.win32_1.1.1.202309131626/tools/bin/../lib/gcc/arm-none-eabi/11.3.1/../../../../arm-none-eabi/lib/thumb/v7e-m+fp/hard\libc_nano.a
LOAD D:/STM32/STM32CubeIDE_1.13.2/STM32CubeIDE/plugins/com.st.stm32cube.ide.mcu.externaltools.gnu-tools-for-stm32.11.3.rel1.win32_1.1.1.202309131626/tools/bin/../lib/gcc/arm-none-eabi/11.3.1/../../../../arm-none-eabi/lib/thumb/v7e-m+fp/hard\libm.a
END GROUP
START GROUP
LOAD D:/STM32/STM32CubeIDE_1.13.2/STM32CubeIDE/plugins/com.st.stm32cube.ide.mcu.externaltools.gnu-tools-for-stm32.11.3.rel1.win32_1.1.1.202309131626/tools/bin/../lib/gcc/arm-none-eabi/11.3.1/thumb/v7e-m+fp/hard\libgcc.a
LOAD D:/STM32/STM32CubeIDE_1.13.2/STM32CubeIDE/plugins/com.st.stm32cube.ide.mcu.externaltools.gnu-tools-for-stm32.11.3.rel1.win32_1.1.1.202309131626/tools/bin/../lib/gcc/arm-none-eabi/11.3.1/../../../../arm-none-eabi/lib/thumb/v7e-m+fp/hard\libc_nano.a
END GROUP
START GROUP
LOAD D:/STM32/STM32CubeIDE_1.13.2/STM32CubeIDE/plugins/com.st.stm32cube.ide.mcu.externaltools.gnu-tools-for-stm32.11.3.rel1.win32_1.1.1.202309131626/tools/bin/../lib/gcc/arm-none-eabi/11.3.1/thumb/v7e-m+fp/hard\libgcc.a
LOAD D:/STM32/STM32CubeIDE_1.13.2/STM32CubeIDE/plugins/com.st.stm32cube.ide.mcu.externaltools.gnu-tools-for-stm32.11.3.rel1.win32_1.1.1.202309131626/tools/bin/../lib/gcc/arm-none-eabi/11.3.1/../../../../arm-none-eabi/lib/thumb/v7e-m+fp/hard\libc_nano.a
LOAD D:/STM32/STM32CubeIDE_1.13.2/STM32CubeIDE/plugins/com.st.stm32cube.ide.mcu.externaltools.gnu-tools-for-stm32.11.3.rel1.win32_1.1.1.202309131626/tools/bin/../lib/gcc/arm-none-eabi/11.3.1/../../../../arm-none-eabi/lib/thumb/v7e-m+fp/hard\libnosys.a
END GROUP
START GROUP
LOAD D:/STM32/STM32CubeIDE_1.13.2/STM32CubeIDE/plugins/com.st.stm32cube.ide.mcu.externaltools.gnu-tools-for-stm32.11.3.rel1.win32_1.1.1.202309131626/tools/bin/../lib/gcc/arm-none-eabi/11.3.1/thumb/v7e-m+fp/hard\libgcc.a
LOAD D:/STM32/STM32CubeIDE_1.13.2/STM32CubeIDE/plugins/com.st.stm32cube.ide.mcu.externaltools.gnu-tools-for-stm32.11.3.rel1.win32_1.1.1.202309131626/tools/bin/../lib/gcc/arm-none-eabi/11.3.1/../../../../arm-none-eabi/lib/thumb/v7e-m+fp/hard\libc_nano.a
LOAD D:/STM32/STM32CubeIDE_1.13.2/STM32CubeIDE/plugins/com.st.stm32cube.ide.mcu.externaltools.gnu-tools-for-stm32.11.3.rel1.win32_1.1.1.202309131626/tools/bin/../lib/gcc/arm-none-eabi/11.3.1/../../../../arm-none-eabi/lib/thumb/v7e-m+fp/hard\libnosys.a
END GROUP
LOAD D:/STM32/STM32CubeIDE_1.13.2/STM32CubeIDE/plugins/com.st.stm32cube.ide.mcu.externaltools.gnu-tools-for-stm32.11.3.rel1.win32_1.1.1.202309131626/tools/bin/../lib/gcc/arm-none-eabi/11.3.1/thumb/v7e-m+fp/hard/crtend.o
LOAD D:/STM32/STM32CubeIDE_1.13.2/STM32CubeIDE/plugins/com.st.stm32cube.ide.mcu.externaltools.gnu-tools-for-stm32.11.3.rel1.win32_1.1.1.202309131626/tools/bin/../lib/gcc/arm-none-eabi/11.3.1/thumb/v7e-m+fp/hard/crtn.o
                0x0000000020020000                _estack = (ORIGIN (RAM) + LENGTH (RAM))
                0x0000000000000200                _Min_Heap_Size = 0x200
                0x0000000000000400                _Min_Stack_Size = 0x400

.isr_vector     0x0000000008000000      0x198
                0x0000000008000000                . = ALIGN (0x4)
 *(.isr_vector)
 .isr_vector    0x0000000008000000      0x198 ./Core/Startup/startup_stm32f411retx.o
                0x0000000008000000                g_pfnVectors
                0x0000000008000198                . = ALIGN (0x4)

.text           0x00000000080001a0     0x89cc
                0x00000000080001a0                . = ALIGN (0x4)
 *(.text)
 .text          0x00000000080001a0       0x40 D:/STM32/STM32CubeIDE_1.13.2/STM32CubeIDE/plugins/com.st.stm32cube.ide.mcu.externaltools.gnu-tools-for-stm32.11.3.rel1.win32_1.1.1.202309131626/tools/bin/../lib/gcc/arm-none-eabi/11.3.1/thumb/v7e-m+fp/hard/crtbegin.o
 .text          0x00000000080001e0       0xa0 D:/STM32/STM32CubeIDE_1.13.2/STM32CubeIDE/plugins/com.st.stm32cube.ide.mcu.externaltools.gnu-tools-for-stm32.11.3.rel1.win32_1.1.1.202309131626/tools/bin/../lib/gcc/arm-none-eabi/11.3.1/../../../../arm-none-eabi/lib/thumb/v7e-m+fp/hard\libc_nano.a(libc_a-memchr.o)
                0x00000000080001e0                memchr
 .text          0x0000000008000280       0x30 D:/STM32/STM32CubeIDE_1.13.2/STM32CubeIDE/plugins/com.st.stm32cube.ide.mcu.externaltools.gnu-tools-for-stm32.11.3.rel1.win32_1.1.1.202309131626/tools/bin/../lib/gcc/arm-none-eabi/11.3.1/thumb/v7e-m+fp/hard\libgcc.a(_aeabi_uldivmod.o)
                0x0000000008000280                __aeabi_uldivmod
 .text          0x00000000080002b0      0x2c8 D:/STM32/STM32CubeIDE_1.13.2/STM32CubeIDE/plugins/com.st.stm32cube.ide.mcu.externaltools.gnu-tools-for-stm32.11.3.rel1.win32_1.1.1.202309131626/tools/bin/../lib/gcc/arm-none-eabi/11.3.1/thumb/v7e-m+fp/hard\libgcc.a(_udivmoddi4.o)
                0x00000000080002b0                __udivmoddi4
 .text          0x0000000008000578        0x4 D:/STM32/STM32CubeIDE_1.13.2/STM32CubeIDE/plugins/com.st.stm32cube.ide.mcu.externaltools.gnu-tools-for-stm32.11.3.rel1.win32_1.1.1.202309131626/tools/bin/../lib/gcc/arm-none-eabi/11.3.1/thumb/v7e-m+fp/hard\libgcc.a(_dvmd_tls.o)
                0x0000000008000578                __aeabi_idiv0
                0x0000000008000578                __aeabi_ldiv0
 *(.text*)
 .text.FourDigitsetSegments
                0x000000000800057c       0xe8 ./Core/Src/2DigitsDispaly.o
                0x000000000800057c                FourDigitsetSegments
 .text.FourDigitsSetCathode
                0x0000000008000664       0x88 ./Core/Src/2DigitsDispaly.o
                0x0000000008000664                FourDigitsSetCathode
 .text.FourDigitsWrite
                0x00000000080006ec       0x28 ./Core/Src/2DigitsDispaly.o
                0x00000000080006ec                FourDigitsWrite
 .text.DisplayTime
                0x0000000008000714      0x124 ./Core/Src/2DigitsDispaly.o
                0x0000000008000714                DisplayTime
 .text.MX_DMA_Init
                0x0000000008000838       0x40 ./Core/Src/dma.o
                0x0000000008000838                MX_DMA_Init
 .text.MX_FREERTOS_Init
                0x0000000008000878       0xa8 ./Core/Src/freertos.o
                0x0000000008000878                MX_FREERTOS_Init
 .text.Read_spi
                0x0000000008000920       0x6c ./Core/Src/freertos.o
                0x0000000008000920                Read_spi
 .text.TwoDigitsWriteTask
                0x000000000800098c       0x10 ./Core/Src/freertos.o
                0x000000000800098c                TwoDigitsWriteTask
 .text.FourDigitWriteTask
                0x000000000800099c       0x50 ./Core/Src/freertos.o
                0x000000000800099c                FourDigitWriteTask
 .text.PushButtonsTask
                0x00000000080009ec      0x194 ./Core/Src/freertos.o
                0x00000000080009ec                PushButtonsTask
 .text.ClockTask
                0x0000000008000b80       0x10 ./Core/Src/freertos.o
                0x0000000008000b80                ClockTask
 .text.MX_GPIO_Init
                0x0000000008000b90      0x180 ./Core/Src/gpio.o
                0x0000000008000b90                MX_GPIO_Init
 .text.main     0x0000000008000d10       0x2e ./Core/Src/main.o
                0x0000000008000d10                main
 *fill*         0x0000000008000d3e        0x2 
 .text.SystemClock_Config
                0x0000000008000d40       0xd4 ./Core/Src/main.o
                0x0000000008000d40                SystemClock_Config
 .text.HAL_TIM_PeriodElapsedCallback
                0x0000000008000e14       0x24 ./Core/Src/main.o
                0x0000000008000e14                HAL_TIM_PeriodElapsedCallback
 .text.Error_Handler
                0x0000000008000e38        0xa ./Core/Src/main.o
                0x0000000008000e38                Error_Handler
 *fill*         0x0000000008000e42        0x2 
 .text.MX_RTC_Init
                0x0000000008000e44       0x4c ./Core/Src/rtc.o
                0x0000000008000e44                MX_RTC_Init
 .text.HAL_RTC_MspInit
                0x0000000008000e90       0x58 ./Core/Src/rtc.o
                0x0000000008000e90                HAL_RTC_MspInit
 .text.MX_SPI2_Init
                0x0000000008000ee8       0x68 ./Core/Src/spi.o
                0x0000000008000ee8                MX_SPI2_Init
 .text.HAL_SPI_MspInit
                0x0000000008000f50      0x138 ./Core/Src/spi.o
                0x0000000008000f50                HAL_SPI_MspInit
 .text.HAL_MspInit
                0x0000000008001088       0x58 ./Core/Src/stm32f4xx_hal_msp.o
                0x0000000008001088                HAL_MspInit
 .text.HAL_InitTick
                0x00000000080010e0       0xf8 ./Core/Src/stm32f4xx_hal_timebase_tim.o
                0x00000000080010e0                HAL_InitTick
 .text.NMI_Handler
                0x00000000080011d8        0x6 ./Core/Src/stm32f4xx_it.o
                0x00000000080011d8                NMI_Handler
 .text.HardFault_Handler
                0x00000000080011de        0x6 ./Core/Src/stm32f4xx_it.o
                0x00000000080011de                HardFault_Handler
 .text.MemManage_Handler
                0x00000000080011e4        0x6 ./Core/Src/stm32f4xx_it.o
                0x00000000080011e4                MemManage_Handler
 .text.BusFault_Handler
                0x00000000080011ea        0x6 ./Core/Src/stm32f4xx_it.o
                0x00000000080011ea                BusFault_Handler
 .text.UsageFault_Handler
                0x00000000080011f0        0x6 ./Core/Src/stm32f4xx_it.o
                0x00000000080011f0                UsageFault_Handler
 .text.DebugMon_Handler
                0x00000000080011f6        0xe ./Core/Src/stm32f4xx_it.o
                0x00000000080011f6                DebugMon_Handler
 .text.DMA1_Stream3_IRQHandler
                0x0000000008001204       0x14 ./Core/Src/stm32f4xx_it.o
                0x0000000008001204                DMA1_Stream3_IRQHandler
 .text.EXTI9_5_IRQHandler
                0x0000000008001218       0x1c ./Core/Src/stm32f4xx_it.o
                0x0000000008001218                EXTI9_5_IRQHandler
 .text.TIM3_IRQHandler
                0x0000000008001234       0x14 ./Core/Src/stm32f4xx_it.o
                0x0000000008001234                TIM3_IRQHandler
 .text._read    0x0000000008001248       0x3a ./Core/Src/syscalls.o
                0x0000000008001248                _read
 .text._write   0x0000000008001282       0x38 ./Core/Src/syscalls.o
                0x0000000008001282                _write
 .text._close   0x00000000080012ba       0x18 ./Core/Src/syscalls.o
                0x00000000080012ba                _close
 .text._fstat   0x00000000080012d2       0x20 ./Core/Src/syscalls.o
                0x00000000080012d2                _fstat
 .text._isatty  0x00000000080012f2       0x16 ./Core/Src/syscalls.o
                0x00000000080012f2                _isatty
 .text._lseek   0x0000000008001308       0x1a ./Core/Src/syscalls.o
                0x0000000008001308                _lseek
 *fill*         0x0000000008001322        0x2 
 .text._sbrk    0x0000000008001324       0x6c ./Core/Src/sysmem.o
                0x0000000008001324                _sbrk
 .text.SystemInit
                0x0000000008001390       0x24 ./Core/Src/system_stm32f4xx.o
                0x0000000008001390                SystemInit
 .text.__io_putchar
                0x00000000080013b4       0x24 ./Core/Src/usart.o
                0x00000000080013b4                __io_putchar
 .text.MX_USART2_UART_Init
                0x00000000080013d8       0x54 ./Core/Src/usart.o
                0x00000000080013d8                MX_USART2_UART_Init
 .text.HAL_UART_MspInit
                0x000000000800142c       0x90 ./Core/Src/usart.o
                0x000000000800142c                HAL_UART_MspInit
 .text.Reset_Handler
                0x00000000080014bc       0x50 ./Core/Startup/startup_stm32f411retx.o
                0x00000000080014bc                Reset_Handler
 .text.Default_Handler
                0x000000000800150c        0x2 ./Core/Startup/startup_stm32f411retx.o
                0x000000000800150c                RTC_Alarm_IRQHandler
                0x000000000800150c                EXTI2_IRQHandler
                0x000000000800150c                SPI4_IRQHandler
                0x000000000800150c                TIM1_CC_IRQHandler
                0x000000000800150c                DMA2_Stream5_IRQHandler
                0x000000000800150c                DMA1_Stream5_IRQHandler
                0x000000000800150c                PVD_IRQHandler
                0x000000000800150c                SDIO_IRQHandler
                0x000000000800150c                TAMP_STAMP_IRQHandler
                0x000000000800150c                EXTI3_IRQHandler
                0x000000000800150c                TIM1_UP_TIM10_IRQHandler
                0x000000000800150c                I2C3_ER_IRQHandler
                0x000000000800150c                EXTI0_IRQHandler
                0x000000000800150c                I2C2_EV_IRQHandler
                0x000000000800150c                DMA1_Stream2_IRQHandler
                0x000000000800150c                FPU_IRQHandler
                0x000000000800150c                DMA2_Stream2_IRQHandler
                0x000000000800150c                SPI1_IRQHandler
                0x000000000800150c                TIM1_BRK_TIM9_IRQHandler
                0x000000000800150c                DMA2_Stream3_IRQHandler
                0x000000000800150c                USART6_IRQHandler
                0x000000000800150c                DMA2_Stream0_IRQHandler
                0x000000000800150c                TIM4_IRQHandler
                0x000000000800150c                I2C1_EV_IRQHandler
                0x000000000800150c                DMA1_Stream6_IRQHandler
                0x000000000800150c                DMA1_Stream1_IRQHandler
                0x000000000800150c                RCC_IRQHandler
                0x000000000800150c                Default_Handler
                0x000000000800150c                EXTI15_10_IRQHandler
                0x000000000800150c                ADC_IRQHandler
                0x000000000800150c                DMA1_Stream7_IRQHandler
                0x000000000800150c                SPI5_IRQHandler
                0x000000000800150c                TIM5_IRQHandler
                0x000000000800150c                DMA2_Stream7_IRQHandler
                0x000000000800150c                I2C3_EV_IRQHandler
                0x000000000800150c                RTC_WKUP_IRQHandler
                0x000000000800150c                SPI2_IRQHandler
                0x000000000800150c                DMA1_Stream0_IRQHandler
                0x000000000800150c                EXTI4_IRQHandler
                0x000000000800150c                WWDG_IRQHandler
                0x000000000800150c                TIM2_IRQHandler
                0x000000000800150c                OTG_FS_WKUP_IRQHandler
                0x000000000800150c                TIM1_TRG_COM_TIM11_IRQHandler
                0x000000000800150c                EXTI1_IRQHandler
                0x000000000800150c                USART2_IRQHandler
                0x000000000800150c                I2C2_ER_IRQHandler
                0x000000000800150c                DMA2_Stream1_IRQHandler
                0x000000000800150c                FLASH_IRQHandler
                0x000000000800150c                DMA2_Stream4_IRQHandler
                0x000000000800150c                USART1_IRQHandler
                0x000000000800150c                OTG_FS_IRQHandler
                0x000000000800150c                SPI3_IRQHandler
                0x000000000800150c                DMA1_Stream4_IRQHandler
                0x000000000800150c                I2C1_ER_IRQHandler
                0x000000000800150c                DMA2_Stream6_IRQHandler
 *fill*         0x000000000800150e        0x2 
 .text.HAL_Init
                0x0000000008001510       0x44 ./Drivers/STM32F4xx_HAL_Driver/Src/stm32f4xx_hal.o
                0x0000000008001510                HAL_Init
 .text.HAL_IncTick
                0x0000000008001554       0x28 ./Drivers/STM32F4xx_HAL_Driver/Src/stm32f4xx_hal.o
                0x0000000008001554                HAL_IncTick
 .text.HAL_GetTick
                0x000000000800157c       0x18 ./Drivers/STM32F4xx_HAL_Driver/Src/stm32f4xx_hal.o
                0x000000000800157c                HAL_GetTick
 .text.__NVIC_SetPriorityGrouping
                0x0000000008001594       0x48 ./Drivers/STM32F4xx_HAL_Driver/Src/stm32f4xx_hal_cortex.o
 .text.__NVIC_GetPriorityGrouping
                0x00000000080015dc       0x1c ./Drivers/STM32F4xx_HAL_Driver/Src/stm32f4xx_hal_cortex.o
 .text.__NVIC_EnableIRQ
                0x00000000080015f8       0x3c ./Drivers/STM32F4xx_HAL_Driver/Src/stm32f4xx_hal_cortex.o
 .text.__NVIC_SetPriority
                0x0000000008001634       0x54 ./Drivers/STM32F4xx_HAL_Driver/Src/stm32f4xx_hal_cortex.o
 .text.NVIC_EncodePriority
                0x0000000008001688       0x66 ./Drivers/STM32F4xx_HAL_Driver/Src/stm32f4xx_hal_cortex.o
 .text.HAL_NVIC_SetPriorityGrouping
                0x00000000080016ee       0x16 ./Drivers/STM32F4xx_HAL_Driver/Src/stm32f4xx_hal_cortex.o
                0x00000000080016ee                HAL_NVIC_SetPriorityGrouping
 .text.HAL_NVIC_SetPriority
                0x0000000008001704       0x38 ./Drivers/STM32F4xx_HAL_Driver/Src/stm32f4xx_hal_cortex.o
                0x0000000008001704                HAL_NVIC_SetPriority
 .text.HAL_NVIC_EnableIRQ
                0x000000000800173c       0x1c ./Drivers/STM32F4xx_HAL_Driver/Src/stm32f4xx_hal_cortex.o
                0x000000000800173c                HAL_NVIC_EnableIRQ
 .text.HAL_DMA_Init
                0x0000000008001758      0x15c ./Drivers/STM32F4xx_HAL_Driver/Src/stm32f4xx_hal_dma.o
                0x0000000008001758                HAL_DMA_Init
 .text.HAL_DMA_Start_IT
                0x00000000080018b4       0xb0 ./Drivers/STM32F4xx_HAL_Driver/Src/stm32f4xx_hal_dma.o
                0x00000000080018b4                HAL_DMA_Start_IT
 .text.HAL_DMA_IRQHandler
                0x0000000008001964      0x314 ./Drivers/STM32F4xx_HAL_Driver/Src/stm32f4xx_hal_dma.o
                0x0000000008001964                HAL_DMA_IRQHandler
 .text.DMA_SetConfig
                0x0000000008001c78       0x5c ./Drivers/STM32F4xx_HAL_Driver/Src/stm32f4xx_hal_dma.o
 .text.DMA_CalcBaseAndBitshift
                0x0000000008001cd4       0x6c ./Drivers/STM32F4xx_HAL_Driver/Src/stm32f4xx_hal_dma.o
 .text.DMA_CheckFifoParam
                0x0000000008001d40       0xf8 ./Drivers/STM32F4xx_HAL_Driver/Src/stm32f4xx_hal_dma.o
 .text.HAL_GPIO_Init
                0x0000000008001e38      0x308 ./Drivers/STM32F4xx_HAL_Driver/Src/stm32f4xx_hal_gpio.o
                0x0000000008001e38                HAL_GPIO_Init
 .text.HAL_GPIO_ReadPin
                0x0000000008002140       0x30 ./Drivers/STM32F4xx_HAL_Driver/Src/stm32f4xx_hal_gpio.o
                0x0000000008002140                HAL_GPIO_ReadPin
 .text.HAL_GPIO_WritePin
                0x0000000008002170       0x32 ./Drivers/STM32F4xx_HAL_Driver/Src/stm32f4xx_hal_gpio.o
                0x0000000008002170                HAL_GPIO_WritePin
 *fill*         0x00000000080021a2        0x2 
 .text.HAL_GPIO_EXTI_IRQHandler
                0x00000000080021a4       0x30 ./Drivers/STM32F4xx_HAL_Driver/Src/stm32f4xx_hal_gpio.o
                0x00000000080021a4                HAL_GPIO_EXTI_IRQHandler
 .text.HAL_GPIO_EXTI_Callback
                0x00000000080021d4       0x16 ./Drivers/STM32F4xx_HAL_Driver/Src/stm32f4xx_hal_gpio.o
                0x00000000080021d4                HAL_GPIO_EXTI_Callback
 *fill*         0x00000000080021ea        0x2 
 .text.HAL_RCC_OscConfig
                0x00000000080021ec      0x4f0 ./Drivers/STM32F4xx_HAL_Driver/Src/stm32f4xx_hal_rcc.o
                0x00000000080021ec                HAL_RCC_OscConfig
 .text.HAL_RCC_ClockConfig
                0x00000000080026dc      0x1cc ./Drivers/STM32F4xx_HAL_Driver/Src/stm32f4xx_hal_rcc.o
                0x00000000080026dc                HAL_RCC_ClockConfig
 .text.HAL_RCC_GetSysClockFreq
                0x00000000080028a8      0x20c ./Drivers/STM32F4xx_HAL_Driver/Src/stm32f4xx_hal_rcc.o
                0x00000000080028a8                HAL_RCC_GetSysClockFreq
 .text.HAL_RCC_GetHCLKFreq
                0x0000000008002ab4       0x18 ./Drivers/STM32F4xx_HAL_Driver/Src/stm32f4xx_hal_rcc.o
                0x0000000008002ab4                HAL_RCC_GetHCLKFreq
 .text.HAL_RCC_GetPCLK1Freq
                0x0000000008002acc       0x28 ./Drivers/STM32F4xx_HAL_Driver/Src/stm32f4xx_hal_rcc.o
                0x0000000008002acc                HAL_RCC_GetPCLK1Freq
 .text.HAL_RCC_GetPCLK2Freq
                0x0000000008002af4       0x28 ./Drivers/STM32F4xx_HAL_Driver/Src/stm32f4xx_hal_rcc.o
                0x0000000008002af4                HAL_RCC_GetPCLK2Freq
 .text.HAL_RCC_GetClockConfig
                0x0000000008002b1c       0x64 ./Drivers/STM32F4xx_HAL_Driver/Src/stm32f4xx_hal_rcc.o
                0x0000000008002b1c                HAL_RCC_GetClockConfig
 .text.HAL_RCCEx_PeriphCLKConfig
                0x0000000008002b80      0x1e0 ./Drivers/STM32F4xx_HAL_Driver/Src/stm32f4xx_hal_rcc_ex.o
                0x0000000008002b80                HAL_RCCEx_PeriphCLKConfig
 .text.HAL_RTC_Init
                0x0000000008002d60       0xec ./Drivers/STM32F4xx_HAL_Driver/Src/stm32f4xx_hal_rtc.o
                0x0000000008002d60                HAL_RTC_Init
 .text.HAL_RTC_SetTime
                0x0000000008002e4c      0x134 ./Drivers/STM32F4xx_HAL_Driver/Src/stm32f4xx_hal_rtc.o
                0x0000000008002e4c                HAL_RTC_SetTime
 .text.HAL_RTC_GetTime
                0x0000000008002f80       0xbc ./Drivers/STM32F4xx_HAL_Driver/Src/stm32f4xx_hal_rtc.o
                0x0000000008002f80                HAL_RTC_GetTime
 .text.HAL_RTC_GetDate
                0x000000000800303c       0x9e ./Drivers/STM32F4xx_HAL_Driver/Src/stm32f4xx_hal_rtc.o
                0x000000000800303c                HAL_RTC_GetDate
 .text.HAL_RTC_WaitForSynchro
                0x00000000080030da       0x50 ./Drivers/STM32F4xx_HAL_Driver/Src/stm32f4xx_hal_rtc.o
                0x00000000080030da                HAL_RTC_WaitForSynchro
 .text.RTC_EnterInitMode
                0x000000000800312a       0x6e ./Drivers/STM32F4xx_HAL_Driver/Src/stm32f4xx_hal_rtc.o
                0x000000000800312a                RTC_EnterInitMode
 .text.RTC_ExitInitMode
                0x0000000008003198       0x4a ./Drivers/STM32F4xx_HAL_Driver/Src/stm32f4xx_hal_rtc.o
                0x0000000008003198                RTC_ExitInitMode
 .text.RTC_ByteToBcd2
                0x00000000080031e2       0x3a ./Drivers/STM32F4xx_HAL_Driver/Src/stm32f4xx_hal_rtc.o
                0x00000000080031e2                RTC_ByteToBcd2
 .text.RTC_Bcd2ToByte
                0x000000000800321c       0x38 ./Drivers/STM32F4xx_HAL_Driver/Src/stm32f4xx_hal_rtc.o
                0x000000000800321c                RTC_Bcd2ToByte
 .text.HAL_SPI_Init
                0x0000000008003254      0x112 ./Drivers/STM32F4xx_HAL_Driver/Src/stm32f4xx_hal_spi.o
                0x0000000008003254                HAL_SPI_Init
 *fill*         0x0000000008003366        0x2 
 .text.HAL_SPI_Receive_DMA
                0x0000000008003368      0x190 ./Drivers/STM32F4xx_HAL_Driver/Src/stm32f4xx_hal_spi.o
                0x0000000008003368                HAL_SPI_Receive_DMA
 .text.HAL_SPI_TransmitReceive_DMA
                0x00000000080034f8      0x204 ./Drivers/STM32F4xx_HAL_Driver/Src/stm32f4xx_hal_spi.o
                0x00000000080034f8                HAL_SPI_TransmitReceive_DMA
 .text.HAL_SPI_RxCpltCallback
                0x00000000080036fc       0x14 ./Drivers/STM32F4xx_HAL_Driver/Src/stm32f4xx_hal_spi.o
                0x00000000080036fc                HAL_SPI_RxCpltCallback
 .text.HAL_SPI_TxRxCpltCallback
                0x0000000008003710       0x14 ./Drivers/STM32F4xx_HAL_Driver/Src/stm32f4xx_hal_spi.o
                0x0000000008003710                HAL_SPI_TxRxCpltCallback
 .text.HAL_SPI_RxHalfCpltCallback
                0x0000000008003724       0x14 ./Drivers/STM32F4xx_HAL_Driver/Src/stm32f4xx_hal_spi.o
                0x0000000008003724                HAL_SPI_RxHalfCpltCallback
 .text.HAL_SPI_TxRxHalfCpltCallback
                0x0000000008003738       0x14 ./Drivers/STM32F4xx_HAL_Driver/Src/stm32f4xx_hal_spi.o
                0x0000000008003738                HAL_SPI_TxRxHalfCpltCallback
 .text.HAL_SPI_ErrorCallback
                0x000000000800374c       0x14 ./Drivers/STM32F4xx_HAL_Driver/Src/stm32f4xx_hal_spi.o
                0x000000000800374c                HAL_SPI_ErrorCallback
 .text.SPI_DMAReceiveCplt
                0x0000000008003760       0xa8 ./Drivers/STM32F4xx_HAL_Driver/Src/stm32f4xx_hal_spi.o
 .text.SPI_DMATransmitReceiveCplt
                0x0000000008003808       0x90 ./Drivers/STM32F4xx_HAL_Driver/Src/stm32f4xx_hal_spi.o
 .text.SPI_DMAHalfReceiveCplt
                0x0000000008003898       0x1c ./Drivers/STM32F4xx_HAL_Driver/Src/stm32f4xx_hal_spi.o
 .text.SPI_DMAHalfTransmitReceiveCplt
                0x00000000080038b4       0x1c ./Drivers/STM32F4xx_HAL_Driver/Src/stm32f4xx_hal_spi.o
 .text.SPI_DMAError
                0x00000000080038d0       0x40 ./Drivers/STM32F4xx_HAL_Driver/Src/stm32f4xx_hal_spi.o
 .text.SPI_WaitFlagStateUntilTimeout
                0x0000000008003910      0x110 ./Drivers/STM32F4xx_HAL_Driver/Src/stm32f4xx_hal_spi.o
 .text.SPI_EndRxTransaction
                0x0000000008003a20       0xca ./Drivers/STM32F4xx_HAL_Driver/Src/stm32f4xx_hal_spi.o
 *fill*         0x0000000008003aea        0x2 
 .text.SPI_EndRxTxTransaction
                0x0000000008003aec       0x84 ./Drivers/STM32F4xx_HAL_Driver/Src/stm32f4xx_hal_spi.o
 .text.HAL_TIM_Base_Init
                0x0000000008003b70       0x9e ./Drivers/STM32F4xx_HAL_Driver/Src/stm32f4xx_hal_tim.o
                0x0000000008003b70                HAL_TIM_Base_Init
 .text.HAL_TIM_Base_MspInit
                0x0000000008003c0e       0x14 ./Drivers/STM32F4xx_HAL_Driver/Src/stm32f4xx_hal_tim.o
                0x0000000008003c0e                HAL_TIM_Base_MspInit
 *fill*         0x0000000008003c22        0x2 
 .text.HAL_TIM_Base_Start_IT
                0x0000000008003c24       0xc4 ./Drivers/STM32F4xx_HAL_Driver/Src/stm32f4xx_hal_tim.o
                0x0000000008003c24                HAL_TIM_Base_Start_IT
 .text.HAL_TIM_IRQHandler
                0x0000000008003ce8      0x210 ./Drivers/STM32F4xx_HAL_Driver/Src/stm32f4xx_hal_tim.o
                0x0000000008003ce8                HAL_TIM_IRQHandler
 .text.HAL_TIM_OC_DelayElapsedCallback
                0x0000000008003ef8       0x14 ./Drivers/STM32F4xx_HAL_Driver/Src/stm32f4xx_hal_tim.o
                0x0000000008003ef8                HAL_TIM_OC_DelayElapsedCallback
 .text.HAL_TIM_IC_CaptureCallback
                0x0000000008003f0c       0x14 ./Drivers/STM32F4xx_HAL_Driver/Src/stm32f4xx_hal_tim.o
                0x0000000008003f0c                HAL_TIM_IC_CaptureCallback
 .text.HAL_TIM_PWM_PulseFinishedCallback
                0x0000000008003f20       0x14 ./Drivers/STM32F4xx_HAL_Driver/Src/stm32f4xx_hal_tim.o
                0x0000000008003f20                HAL_TIM_PWM_PulseFinishedCallback
 .text.HAL_TIM_TriggerCallback
                0x0000000008003f34       0x14 ./Drivers/STM32F4xx_HAL_Driver/Src/stm32f4xx_hal_tim.o
                0x0000000008003f34                HAL_TIM_TriggerCallback
 .text.TIM_Base_SetConfig
                0x0000000008003f48      0x100 ./Drivers/STM32F4xx_HAL_Driver/Src/stm32f4xx_hal_tim.o
                0x0000000008003f48                TIM_Base_SetConfig
 .text.HAL_TIMEx_CommutCallback
                0x0000000008004048       0x14 ./Drivers/STM32F4xx_HAL_Driver/Src/stm32f4xx_hal_tim_ex.o
                0x0000000008004048                HAL_TIMEx_CommutCallback
 .text.HAL_TIMEx_BreakCallback
                0x000000000800405c       0x14 ./Drivers/STM32F4xx_HAL_Driver/Src/stm32f4xx_hal_tim_ex.o
                0x000000000800405c                HAL_TIMEx_BreakCallback
 .text.HAL_UART_Init
                0x0000000008004070       0x9a ./Drivers/STM32F4xx_HAL_Driver/Src/stm32f4xx_hal_uart.o
                0x0000000008004070                HAL_UART_Init
 .text.HAL_UART_Transmit
                0x000000000800410a      0x124 ./Drivers/STM32F4xx_HAL_Driver/Src/stm32f4xx_hal_uart.o
                0x000000000800410a                HAL_UART_Transmit
 .text.UART_WaitOnFlagUntilTimeout
                0x000000000800422e       0xdc ./Drivers/STM32F4xx_HAL_Driver/Src/stm32f4xx_hal_uart.o
 *fill*         0x000000000800430a        0x2 
 .text.UART_SetConfig
                0x000000000800430c      0x4e8 ./Drivers/STM32F4xx_HAL_Driver/Src/stm32f4xx_hal_uart.o
 .text.__NVIC_SetPriority
                0x00000000080047f4       0x54 ./Middlewares/Third_Party/FreeRTOS/Source/CMSIS_RTOS_V2/cmsis_os2.o
 .text.SysTick_Handler
                0x0000000008004848       0x20 ./Middlewares/Third_Party/FreeRTOS/Source/CMSIS_RTOS_V2/cmsis_os2.o
                0x0000000008004848                SysTick_Handler
 .text.SVC_Setup
                0x0000000008004868       0x12 ./Middlewares/Third_Party/FreeRTOS/Source/CMSIS_RTOS_V2/cmsis_os2.o
 *fill*         0x000000000800487a        0x2 
 .text.osKernelInitialize
                0x000000000800487c       0x48 ./Middlewares/Third_Party/FreeRTOS/Source/CMSIS_RTOS_V2/cmsis_os2.o
                0x000000000800487c                osKernelInitialize
 .text.osKernelStart
                0x00000000080048c4       0x4c ./Middlewares/Third_Party/FreeRTOS/Source/CMSIS_RTOS_V2/cmsis_os2.o
                0x00000000080048c4                osKernelStart
 .text.osKernelGetTickCount
                0x0000000008004910       0x2a ./Middlewares/Third_Party/FreeRTOS/Source/CMSIS_RTOS_V2/cmsis_os2.o
                0x0000000008004910                osKernelGetTickCount
 .text.osThreadNew
                0x000000000800493a      0x124 ./Middlewares/Third_Party/FreeRTOS/Source/CMSIS_RTOS_V2/cmsis_os2.o
                0x000000000800493a                osThreadNew
 .text.osDelay  0x0000000008004a5e       0x36 ./Middlewares/Third_Party/FreeRTOS/Source/CMSIS_RTOS_V2/cmsis_os2.o
                0x0000000008004a5e                osDelay
 .text.osMutexNew
                0x0000000008004a94      0x10c ./Middlewares/Third_Party/FreeRTOS/Source/CMSIS_RTOS_V2/cmsis_os2.o
                0x0000000008004a94                osMutexNew
 .text.osMutexAcquire
                0x0000000008004ba0       0x96 ./Middlewares/Third_Party/FreeRTOS/Source/CMSIS_RTOS_V2/cmsis_os2.o
                0x0000000008004ba0                osMutexAcquire
 .text.osMutexRelease
                0x0000000008004c36       0x7a ./Middlewares/Third_Party/FreeRTOS/Source/CMSIS_RTOS_V2/cmsis_os2.o
                0x0000000008004c36                osMutexRelease
 .text.vApplicationGetIdleTaskMemory
                0x0000000008004cb0       0x34 ./Middlewares/Third_Party/FreeRTOS/Source/CMSIS_RTOS_V2/cmsis_os2.o
                0x0000000008004cb0                vApplicationGetIdleTaskMemory
 .text.vApplicationGetTimerTaskMemory
                0x0000000008004ce4       0x34 ./Middlewares/Third_Party/FreeRTOS/Source/CMSIS_RTOS_V2/cmsis_os2.o
                0x0000000008004ce4                vApplicationGetTimerTaskMemory
 .text.vListInitialise
                0x0000000008004d18       0x40 ./Middlewares/Third_Party/FreeRTOS/Source/list.o
                0x0000000008004d18                vListInitialise
 .text.vListInitialiseItem
                0x0000000008004d58       0x1a ./Middlewares/Third_Party/FreeRTOS/Source/list.o
                0x0000000008004d58                vListInitialiseItem
 .text.vListInsertEnd
                0x0000000008004d72       0x48 ./Middlewares/Third_Party/FreeRTOS/Source/list.o
                0x0000000008004d72                vListInsertEnd
 .text.vListInsert
                0x0000000008004dba       0x72 ./Middlewares/Third_Party/FreeRTOS/Source/list.o
                0x0000000008004dba                vListInsert
 .text.uxListRemove
                0x0000000008004e2c       0x54 ./Middlewares/Third_Party/FreeRTOS/Source/list.o
                0x0000000008004e2c                uxListRemove
 .text.xQueueGenericReset
                0x0000000008004e80       0xd0 ./Middlewares/Third_Party/FreeRTOS/Source/queue.o
                0x0000000008004e80                xQueueGenericReset
 .text.xQueueGenericCreateStatic
                0x0000000008004f50       0xf0 ./Middlewares/Third_Party/FreeRTOS/Source/queue.o
                0x0000000008004f50                xQueueGenericCreateStatic
 .text.xQueueGenericCreate
                0x0000000008005040       0x74 ./Middlewares/Third_Party/FreeRTOS/Source/queue.o
                0x0000000008005040                xQueueGenericCreate
 .text.prvInitialiseNewQueue
                0x00000000080050b4       0x46 ./Middlewares/Third_Party/FreeRTOS/Source/queue.o
 .text.prvInitialiseMutex
                0x00000000080050fa       0x34 ./Middlewares/Third_Party/FreeRTOS/Source/queue.o
 .text.xQueueCreateMutex
                0x000000000800512e       0x30 ./Middlewares/Third_Party/FreeRTOS/Source/queue.o
                0x000000000800512e                xQueueCreateMutex
 .text.xQueueCreateMutexStatic
                0x000000000800515e       0x36 ./Middlewares/Third_Party/FreeRTOS/Source/queue.o
                0x000000000800515e                xQueueCreateMutexStatic
 .text.xQueueGiveMutexRecursive
                0x0000000008005194       0x68 ./Middlewares/Third_Party/FreeRTOS/Source/queue.o
                0x0000000008005194                xQueueGiveMutexRecursive
 .text.xQueueTakeMutexRecursive
                0x00000000080051fc       0x6c ./Middlewares/Third_Party/FreeRTOS/Source/queue.o
                0x00000000080051fc                xQueueTakeMutexRecursive
 .text.xQueueGenericSend
                0x0000000008005268      0x1fc ./Middlewares/Third_Party/FreeRTOS/Source/queue.o
                0x0000000008005268                xQueueGenericSend
 .text.xQueueGenericSendFromISR
                0x0000000008005464      0x136 ./Middlewares/Third_Party/FreeRTOS/Source/queue.o
                0x0000000008005464                xQueueGenericSendFromISR
 *fill*         0x000000000800559a        0x2 
 .text.xQueueReceive
                0x000000000800559c      0x1c0 ./Middlewares/Third_Party/FreeRTOS/Source/queue.o
                0x000000000800559c                xQueueReceive
 .text.xQueueSemaphoreTake
                0x000000000800575c      0x218 ./Middlewares/Third_Party/FreeRTOS/Source/queue.o
                0x000000000800575c                xQueueSemaphoreTake
 .text.prvGetDisinheritPriorityAfterTimeout
                0x0000000008005974       0x30 ./Middlewares/Third_Party/FreeRTOS/Source/queue.o
 .text.prvCopyDataToQueue
                0x00000000080059a4       0xd4 ./Middlewares/Third_Party/FreeRTOS/Source/queue.o
 .text.prvCopyDataFromQueue
                0x0000000008005a78       0x4c ./Middlewares/Third_Party/FreeRTOS/Source/queue.o
 .text.prvUnlockQueue
                0x0000000008005ac4       0xa4 ./Middlewares/Third_Party/FreeRTOS/Source/queue.o
 .text.prvIsQueueEmpty
                0x0000000008005b68       0x2c ./Middlewares/Third_Party/FreeRTOS/Source/queue.o
 .text.prvIsQueueFull
                0x0000000008005b94       0x30 ./Middlewares/Third_Party/FreeRTOS/Source/queue.o
 .text.vQueueAddToRegistry
                0x0000000008005bc4       0x54 ./Middlewares/Third_Party/FreeRTOS/Source/queue.o
                0x0000000008005bc4                vQueueAddToRegistry
 .text.vQueueWaitForMessageRestricted
                0x0000000008005c18       0x68 ./Middlewares/Third_Party/FreeRTOS/Source/queue.o
                0x0000000008005c18                vQueueWaitForMessageRestricted
 .text.xTaskCreateStatic
                0x0000000008005c80       0xba ./Middlewares/Third_Party/FreeRTOS/Source/tasks.o
                0x0000000008005c80                xTaskCreateStatic
 .text.xTaskCreate
                0x0000000008005d3a       0x8a ./Middlewares/Third_Party/FreeRTOS/Source/tasks.o
                0x0000000008005d3a                xTaskCreate
 .text.prvInitialiseNewTask
                0x0000000008005dc4      0x14c ./Middlewares/Third_Party/FreeRTOS/Source/tasks.o
 .text.prvAddNewTaskToReadyList
                0x0000000008005f10       0xe0 ./Middlewares/Third_Party/FreeRTOS/Source/tasks.o
 .text.vTaskDelay
                0x0000000008005ff0       0x68 ./Middlewares/Third_Party/FreeRTOS/Source/tasks.o
                0x0000000008005ff0                vTaskDelay
 .text.vTaskStartScheduler
                0x0000000008006058       0xe0 ./Middlewares/Third_Party/FreeRTOS/Source/tasks.o
                0x0000000008006058                vTaskStartScheduler
 .text.vTaskSuspendAll
                0x0000000008006138       0x1c ./Middlewares/Third_Party/FreeRTOS/Source/tasks.o
                0x0000000008006138                vTaskSuspendAll
 .text.xTaskResumeAll
                0x0000000008006154      0x13c ./Middlewares/Third_Party/FreeRTOS/Source/tasks.o
                0x0000000008006154                xTaskResumeAll
 .text.xTaskGetTickCount
                0x0000000008006290       0x20 ./Middlewares/Third_Party/FreeRTOS/Source/tasks.o
                0x0000000008006290                xTaskGetTickCount
 .text.xTaskGetTickCountFromISR
                0x00000000080062b0       0x24 ./Middlewares/Third_Party/FreeRTOS/Source/tasks.o
                0x00000000080062b0                xTaskGetTickCountFromISR
 .text.xTaskIncrementTick
                0x00000000080062d4      0x174 ./Middlewares/Third_Party/FreeRTOS/Source/tasks.o
                0x00000000080062d4                xTaskIncrementTick
 .text.vTaskSwitchContext
                0x0000000008006448       0xc8 ./Middlewares/Third_Party/FreeRTOS/Source/tasks.o
                0x0000000008006448                vTaskSwitchContext
 .text.vTaskPlaceOnEventList
                0x0000000008006510       0x48 ./Middlewares/Third_Party/FreeRTOS/Source/tasks.o
                0x0000000008006510                vTaskPlaceOnEventList
 .text.vTaskPlaceOnEventListRestricted
                0x0000000008006558       0x58 ./Middlewares/Third_Party/FreeRTOS/Source/tasks.o
                0x0000000008006558                vTaskPlaceOnEventListRestricted
 .text.xTaskRemoveFromEventList
                0x00000000080065b0       0xc8 ./Middlewares/Third_Party/FreeRTOS/Source/tasks.o
                0x00000000080065b0                xTaskRemoveFromEventList
 .text.vTaskInternalSetTimeOutState
                0x0000000008006678       0x2c ./Middlewares/Third_Party/FreeRTOS/Source/tasks.o
                0x0000000008006678                vTaskInternalSetTimeOutState
 .text.xTaskCheckForTimeOut
                0x00000000080066a4       0xc4 ./Middlewares/Third_Party/FreeRTOS/Source/tasks.o
                0x00000000080066a4                xTaskCheckForTimeOut
 .text.vTaskMissedYield
                0x0000000008006768       0x18 ./Middlewares/Third_Party/FreeRTOS/Source/tasks.o
                0x0000000008006768                vTaskMissedYield
 .text.prvIdleTask
                0x0000000008006780       0x30 ./Middlewares/Third_Party/FreeRTOS/Source/tasks.o
 .text.prvInitialiseTaskLists
                0x00000000080067b0       0x80 ./Middlewares/Third_Party/FreeRTOS/Source/tasks.o
 .text.prvCheckTasksWaitingTermination
                0x0000000008006830       0x5c ./Middlewares/Third_Party/FreeRTOS/Source/tasks.o
 .text.prvDeleteTCB
                0x000000000800688c       0x68 ./Middlewares/Third_Party/FreeRTOS/Source/tasks.o
 .text.prvResetNextTaskUnblockTime
                0x00000000080068f4       0x40 ./Middlewares/Third_Party/FreeRTOS/Source/tasks.o
 .text.xTaskGetCurrentTaskHandle
                0x0000000008006934       0x20 ./Middlewares/Third_Party/FreeRTOS/Source/tasks.o
                0x0000000008006934                xTaskGetCurrentTaskHandle
 .text.xTaskGetSchedulerState
                0x0000000008006954       0x3c ./Middlewares/Third_Party/FreeRTOS/Source/tasks.o
                0x0000000008006954                xTaskGetSchedulerState
 .text.xTaskPriorityInherit
                0x0000000008006990       0xd0 ./Middlewares/Third_Party/FreeRTOS/Source/tasks.o
                0x0000000008006990                xTaskPriorityInherit
 .text.xTaskPriorityDisinherit
                0x0000000008006a60       0xdc ./Middlewares/Third_Party/FreeRTOS/Source/tasks.o
                0x0000000008006a60                xTaskPriorityDisinherit
 .text.vTaskPriorityDisinheritAfterTimeout
                0x0000000008006b3c      0x104 ./Middlewares/Third_Party/FreeRTOS/Source/tasks.o
                0x0000000008006b3c                vTaskPriorityDisinheritAfterTimeout
 .text.pvTaskIncrementMutexHeldCount
                0x0000000008006c40       0x28 ./Middlewares/Third_Party/FreeRTOS/Source/tasks.o
                0x0000000008006c40                pvTaskIncrementMutexHeldCount
 .text.prvAddCurrentTaskToDelayedList
                0x0000000008006c68       0xa8 ./Middlewares/Third_Party/FreeRTOS/Source/tasks.o
 .text.xTimerCreateTimerTask
                0x0000000008006d10       0x90 ./Middlewares/Third_Party/FreeRTOS/Source/timers.o
                0x0000000008006d10                xTimerCreateTimerTask
 .text.xTimerGenericCommand
                0x0000000008006da0       0x9c ./Middlewares/Third_Party/FreeRTOS/Source/timers.o
                0x0000000008006da0                xTimerGenericCommand
 .text.prvProcessExpiredTimer
                0x0000000008006e3c       0x98 ./Middlewares/Third_Party/FreeRTOS/Source/timers.o
 .text.prvTimerTask
                0x0000000008006ed4       0x24 ./Middlewares/Third_Party/FreeRTOS/Source/timers.o
 .text.prvProcessTimerOrBlockTask
                0x0000000008006ef8       0x9c ./Middlewares/Third_Party/FreeRTOS/Source/timers.o
 .text.prvGetNextExpireTime
                0x0000000008006f94       0x48 ./Middlewares/Third_Party/FreeRTOS/Source/timers.o
 .text.prvSampleTimeNow
                0x0000000008006fdc       0x40 ./Middlewares/Third_Party/FreeRTOS/Source/timers.o
 .text.prvInsertTimerInActiveList
                0x000000000800701c       0x84 ./Middlewares/Third_Party/FreeRTOS/Source/timers.o
 .text.prvProcessReceivedCommands
                0x00000000080070a0      0x1c4 ./Middlewares/Third_Party/FreeRTOS/Source/timers.o
 .text.prvSwitchTimerLists
                0x0000000008007264       0xc8 ./Middlewares/Third_Party/FreeRTOS/Source/timers.o
 .text.prvCheckForValidListAndQueue
                0x000000000800732c       0x80 ./Middlewares/Third_Party/FreeRTOS/Source/timers.o
 .text.pxPortInitialiseStack
                0x00000000080073ac       0x68 ./Middlewares/Third_Party/FreeRTOS/Source/portable/GCC/ARM_CM4F/port.o
                0x00000000080073ac                pxPortInitialiseStack
 .text.prvTaskExitError
                0x0000000008007414       0x58 ./Middlewares/Third_Party/FreeRTOS/Source/portable/GCC/ARM_CM4F/port.o
 *fill*         0x000000000800746c        0x4 
 .text.SVC_Handler
                0x0000000008007470       0x28 ./Middlewares/Third_Party/FreeRTOS/Source/portable/GCC/ARM_CM4F/port.o
                0x0000000008007470                SVC_Handler
 .text.prvPortStartFirstTask
                0x0000000008007498       0x28 ./Middlewares/Third_Party/FreeRTOS/Source/portable/GCC/ARM_CM4F/port.o
 .text.xPortStartScheduler
                0x00000000080074c0      0x144 ./Middlewares/Third_Party/FreeRTOS/Source/portable/GCC/ARM_CM4F/port.o
                0x00000000080074c0                xPortStartScheduler
 .text.vPortEnterCritical
                0x0000000008007604       0x60 ./Middlewares/Third_Party/FreeRTOS/Source/portable/GCC/ARM_CM4F/port.o
                0x0000000008007604                vPortEnterCritical
 .text.vPortExitCritical
                0x0000000008007664       0x54 ./Middlewares/Third_Party/FreeRTOS/Source/portable/GCC/ARM_CM4F/port.o
                0x0000000008007664                vPortExitCritical
 *fill*         0x00000000080076b8        0x8 
 .text.PendSV_Handler
                0x00000000080076c0       0x68 ./Middlewares/Third_Party/FreeRTOS/Source/portable/GCC/ARM_CM4F/port.o
                0x00000000080076c0                PendSV_Handler
 .text.xPortSysTickHandler
                0x0000000008007728       0x44 ./Middlewares/Third_Party/FreeRTOS/Source/portable/GCC/ARM_CM4F/port.o
                0x0000000008007728                xPortSysTickHandler
 .text.vPortSetupTimerInterrupt
                0x000000000800776c       0x48 ./Middlewares/Third_Party/FreeRTOS/Source/portable/GCC/ARM_CM4F/port.o
                0x000000000800776c                vPortSetupTimerInterrupt
 .text.vPortEnableVFP
                0x00000000080077b4       0x14 ./Middlewares/Third_Party/FreeRTOS/Source/portable/GCC/ARM_CM4F/port.o
 .text.vPortValidateInterruptPriority
                0x00000000080077c8       0x80 ./Middlewares/Third_Party/FreeRTOS/Source/portable/GCC/ARM_CM4F/port.o
                0x00000000080077c8                vPortValidateInterruptPriority
 .text.pvPortMalloc
                0x0000000008007848      0x198 ./Middlewares/Third_Party/FreeRTOS/Source/portable/MemMang/heap_4.o
                0x0000000008007848                pvPortMalloc
 .text.vPortFree
                0x00000000080079e0       0xc4 ./Middlewares/Third_Party/FreeRTOS/Source/portable/MemMang/heap_4.o
                0x00000000080079e0                vPortFree
 .text.prvHeapInit
                0x0000000008007aa4       0xc4 ./Middlewares/Third_Party/FreeRTOS/Source/portable/MemMang/heap_4.o
 .text.prvInsertBlockIntoFreeList
                0x0000000008007b68       0xb4 ./Middlewares/Third_Party/FreeRTOS/Source/portable/MemMang/heap_4.o
 .text.std      0x0000000008007c1c       0x6c D:/STM32/STM32CubeIDE_1.13.2/STM32CubeIDE/plugins/com.st.stm32cube.ide.mcu.externaltools.gnu-tools-for-stm32.11.3.rel1.win32_1.1.1.202309131626/tools/bin/../lib/gcc/arm-none-eabi/11.3.1/../../../../arm-none-eabi/lib/thumb/v7e-m+fp/hard\libc_nano.a(libc_a-findfp.o)
 .text.stdio_exit_handler
                0x0000000008007c88       0x18 D:/STM32/STM32CubeIDE_1.13.2/STM32CubeIDE/plugins/com.st.stm32cube.ide.mcu.externaltools.gnu-tools-for-stm32.11.3.rel1.win32_1.1.1.202309131626/tools/bin/../lib/gcc/arm-none-eabi/11.3.1/../../../../arm-none-eabi/lib/thumb/v7e-m+fp/hard\libc_nano.a(libc_a-findfp.o)
 .text.cleanup_stdio
                0x0000000008007ca0       0x40 D:/STM32/STM32CubeIDE_1.13.2/STM32CubeIDE/plugins/com.st.stm32cube.ide.mcu.externaltools.gnu-tools-for-stm32.11.3.rel1.win32_1.1.1.202309131626/tools/bin/../lib/gcc/arm-none-eabi/11.3.1/../../../../arm-none-eabi/lib/thumb/v7e-m+fp/hard\libc_nano.a(libc_a-findfp.o)
 .text.global_stdio_init.part.0
                0x0000000008007ce0       0x3c D:/STM32/STM32CubeIDE_1.13.2/STM32CubeIDE/plugins/com.st.stm32cube.ide.mcu.externaltools.gnu-tools-for-stm32.11.3.rel1.win32_1.1.1.202309131626/tools/bin/../lib/gcc/arm-none-eabi/11.3.1/../../../../arm-none-eabi/lib/thumb/v7e-m+fp/hard\libc_nano.a(libc_a-findfp.o)
 .text.__sfp_lock_acquire
                0x0000000008007d1c        0xc D:/STM32/STM32CubeIDE_1.13.2/STM32CubeIDE/plugins/com.st.stm32cube.ide.mcu.externaltools.gnu-tools-for-stm32.11.3.rel1.win32_1.1.1.202309131626/tools/bin/../lib/gcc/arm-none-eabi/11.3.1/../../../../arm-none-eabi/lib/thumb/v7e-m+fp/hard\libc_nano.a(libc_a-findfp.o)
                0x0000000008007d1c                __sfp_lock_acquire
 .text.__sfp_lock_release
                0x0000000008007d28        0xc D:/STM32/STM32CubeIDE_1.13.2/STM32CubeIDE/plugins/com.st.stm32cube.ide.mcu.externaltools.gnu-tools-for-stm32.11.3.rel1.win32_1.1.1.202309131626/tools/bin/../lib/gcc/arm-none-eabi/11.3.1/../../../../arm-none-eabi/lib/thumb/v7e-m+fp/hard\libc_nano.a(libc_a-findfp.o)
                0x0000000008007d28                __sfp_lock_release
 .text.__sinit  0x0000000008007d34       0x30 D:/STM32/STM32CubeIDE_1.13.2/STM32CubeIDE/plugins/com.st.stm32cube.ide.mcu.externaltools.gnu-tools-for-stm32.11.3.rel1.win32_1.1.1.202309131626/tools/bin/../lib/gcc/arm-none-eabi/11.3.1/../../../../arm-none-eabi/lib/thumb/v7e-m+fp/hard\libc_nano.a(libc_a-findfp.o)
                0x0000000008007d34                __sinit
 .text._fwalk_sglue
                0x0000000008007d64       0x3c D:/STM32/STM32CubeIDE_1.13.2/STM32CubeIDE/plugins/com.st.stm32cube.ide.mcu.externaltools.gnu-tools-for-stm32.11.3.rel1.win32_1.1.1.202309131626/tools/bin/../lib/gcc/arm-none-eabi/11.3.1/../../../../arm-none-eabi/lib/thumb/v7e-m+fp/hard\libc_nano.a(libc_a-fwalk.o)
                0x0000000008007d64                _fwalk_sglue
 .text.printf   0x0000000008007da0       0x24 D:/STM32/STM32CubeIDE_1.13.2/STM32CubeIDE/plugins/com.st.stm32cube.ide.mcu.externaltools.gnu-tools-for-stm32.11.3.rel1.win32_1.1.1.202309131626/tools/bin/../lib/gcc/arm-none-eabi/11.3.1/../../../../arm-none-eabi/lib/thumb/v7e-m+fp/hard\libc_nano.a(libc_a-printf.o)
                0x0000000008007da0                iprintf
                0x0000000008007da0                printf
 .text.__sread  0x0000000008007dc4       0x22 D:/STM32/STM32CubeIDE_1.13.2/STM32CubeIDE/plugins/com.st.stm32cube.ide.mcu.externaltools.gnu-tools-for-stm32.11.3.rel1.win32_1.1.1.202309131626/tools/bin/../lib/gcc/arm-none-eabi/11.3.1/../../../../arm-none-eabi/lib/thumb/v7e-m+fp/hard\libc_nano.a(libc_a-stdio.o)
                0x0000000008007dc4                __sread
 .text.__swrite
                0x0000000008007de6       0x38 D:/STM32/STM32CubeIDE_1.13.2/STM32CubeIDE/plugins/com.st.stm32cube.ide.mcu.externaltools.gnu-tools-for-stm32.11.3.rel1.win32_1.1.1.202309131626/tools/bin/../lib/gcc/arm-none-eabi/11.3.1/../../../../arm-none-eabi/lib/thumb/v7e-m+fp/hard\libc_nano.a(libc_a-stdio.o)
                0x0000000008007de6                __swrite
 .text.__sseek  0x0000000008007e1e       0x24 D:/STM32/STM32CubeIDE_1.13.2/STM32CubeIDE/plugins/com.st.stm32cube.ide.mcu.externaltools.gnu-tools-for-stm32.11.3.rel1.win32_1.1.1.202309131626/tools/bin/../lib/gcc/arm-none-eabi/11.3.1/../../../../arm-none-eabi/lib/thumb/v7e-m+fp/hard\libc_nano.a(libc_a-stdio.o)
                0x0000000008007e1e                __sseek
 .text.__sclose
                0x0000000008007e42        0x8 D:/STM32/STM32CubeIDE_1.13.2/STM32CubeIDE/plugins/com.st.stm32cube.ide.mcu.externaltools.gnu-tools-for-stm32.11.3.rel1.win32_1.1.1.202309131626/tools/bin/../lib/gcc/arm-none-eabi/11.3.1/../../../../arm-none-eabi/lib/thumb/v7e-m+fp/hard\libc_nano.a(libc_a-stdio.o)
                0x0000000008007e42                __sclose
 .text.memset   0x0000000008007e4a       0x10 D:/STM32/STM32CubeIDE_1.13.2/STM32CubeIDE/plugins/com.st.stm32cube.ide.mcu.externaltools.gnu-tools-for-stm32.11.3.rel1.win32_1.1.1.202309131626/tools/bin/../lib/gcc/arm-none-eabi/11.3.1/../../../../arm-none-eabi/lib/thumb/v7e-m+fp/hard\libc_nano.a(libc_a-memset.o)
                0x0000000008007e4a                memset
 *fill*         0x0000000008007e5a        0x2 
 .text._close_r
                0x0000000008007e5c       0x20 D:/STM32/STM32CubeIDE_1.13.2/STM32CubeIDE/plugins/com.st.stm32cube.ide.mcu.externaltools.gnu-tools-for-stm32.11.3.rel1.win32_1.1.1.202309131626/tools/bin/../lib/gcc/arm-none-eabi/11.3.1/../../../../arm-none-eabi/lib/thumb/v7e-m+fp/hard\libc_nano.a(libc_a-closer.o)
                0x0000000008007e5c                _close_r
 .text._reclaim_reent
                0x0000000008007e7c       0xac D:/STM32/STM32CubeIDE_1.13.2/STM32CubeIDE/plugins/com.st.stm32cube.ide.mcu.externaltools.gnu-tools-for-stm32.11.3.rel1.win32_1.1.1.202309131626/tools/bin/../lib/gcc/arm-none-eabi/11.3.1/../../../../arm-none-eabi/lib/thumb/v7e-m+fp/hard\libc_nano.a(libc_a-reent.o)
                0x0000000008007e7c                _reclaim_reent
 .text._lseek_r
                0x0000000008007f28       0x24 D:/STM32/STM32CubeIDE_1.13.2/STM32CubeIDE/plugins/com.st.stm32cube.ide.mcu.externaltools.gnu-tools-for-stm32.11.3.rel1.win32_1.1.1.202309131626/tools/bin/../lib/gcc/arm-none-eabi/11.3.1/../../../../arm-none-eabi/lib/thumb/v7e-m+fp/hard\libc_nano.a(libc_a-lseekr.o)
                0x0000000008007f28                _lseek_r
 .text._read_r  0x0000000008007f4c       0x24 D:/STM32/STM32CubeIDE_1.13.2/STM32CubeIDE/plugins/com.st.stm32cube.ide.mcu.externaltools.gnu-tools-for-stm32.11.3.rel1.win32_1.1.1.202309131626/tools/bin/../lib/gcc/arm-none-eabi/11.3.1/../../../../arm-none-eabi/lib/thumb/v7e-m+fp/hard\libc_nano.a(libc_a-readr.o)
                0x0000000008007f4c                _read_r
 .text._write_r
                0x0000000008007f70       0x24 D:/STM32/STM32CubeIDE_1.13.2/STM32CubeIDE/plugins/com.st.stm32cube.ide.mcu.externaltools.gnu-tools-for-stm32.11.3.rel1.win32_1.1.1.202309131626/tools/bin/../lib/gcc/arm-none-eabi/11.3.1/../../../../arm-none-eabi/lib/thumb/v7e-m+fp/hard\libc_nano.a(libc_a-writer.o)
                0x0000000008007f70                _write_r
 .text.__errno  0x0000000008007f94        0xc D:/STM32/STM32CubeIDE_1.13.2/STM32CubeIDE/plugins/com.st.stm32cube.ide.mcu.externaltools.gnu-tools-for-stm32.11.3.rel1.win32_1.1.1.202309131626/tools/bin/../lib/gcc/arm-none-eabi/11.3.1/../../../../arm-none-eabi/lib/thumb/v7e-m+fp/hard\libc_nano.a(libc_a-errno.o)
                0x0000000008007f94                __errno
 .text.__libc_init_array
                0x0000000008007fa0       0x48 D:/STM32/STM32CubeIDE_1.13.2/STM32CubeIDE/plugins/com.st.stm32cube.ide.mcu.externaltools.gnu-tools-for-stm32.11.3.rel1.win32_1.1.1.202309131626/tools/bin/../lib/gcc/arm-none-eabi/11.3.1/../../../../arm-none-eabi/lib/thumb/v7e-m+fp/hard\libc_nano.a(libc_a-init.o)
                0x0000000008007fa0                __libc_init_array
 .text.__retarget_lock_init_recursive
                0x0000000008007fe8        0x2 D:/STM32/STM32CubeIDE_1.13.2/STM32CubeIDE/plugins/com.st.stm32cube.ide.mcu.externaltools.gnu-tools-for-stm32.11.3.rel1.win32_1.1.1.202309131626/tools/bin/../lib/gcc/arm-none-eabi/11.3.1/../../../../arm-none-eabi/lib/thumb/v7e-m+fp/hard\libc_nano.a(libc_a-lock.o)
                0x0000000008007fe8                __retarget_lock_init_recursive
 .text.__retarget_lock_acquire_recursive
                0x0000000008007fea        0x2 D:/STM32/STM32CubeIDE_1.13.2/STM32CubeIDE/plugins/com.st.stm32cube.ide.mcu.externaltools.gnu-tools-for-stm32.11.3.rel1.win32_1.1.1.202309131626/tools/bin/../lib/gcc/arm-none-eabi/11.3.1/../../../../arm-none-eabi/lib/thumb/v7e-m+fp/hard\libc_nano.a(libc_a-lock.o)
                0x0000000008007fea                __retarget_lock_acquire_recursive
 .text.__retarget_lock_release_recursive
                0x0000000008007fec        0x2 D:/STM32/STM32CubeIDE_1.13.2/STM32CubeIDE/plugins/com.st.stm32cube.ide.mcu.externaltools.gnu-tools-for-stm32.11.3.rel1.win32_1.1.1.202309131626/tools/bin/../lib/gcc/arm-none-eabi/11.3.1/../../../../arm-none-eabi/lib/thumb/v7e-m+fp/hard\libc_nano.a(libc_a-lock.o)
                0x0000000008007fec                __retarget_lock_release_recursive
 .text.memcpy   0x0000000008007fee       0x1c D:/STM32/STM32CubeIDE_1.13.2/STM32CubeIDE/plugins/com.st.stm32cube.ide.mcu.externaltools.gnu-tools-for-stm32.11.3.rel1.win32_1.1.1.202309131626/tools/bin/../lib/gcc/arm-none-eabi/11.3.1/../../../../arm-none-eabi/lib/thumb/v7e-m+fp/hard\libc_nano.a(libc_a-memcpy-stub.o)
                0x0000000008007fee                memcpy
 *fill*         0x000000000800800a        0x2 
 .text._free_r  0x000000000800800c       0x98 D:/STM32/STM32CubeIDE_1.13.2/STM32CubeIDE/plugins/com.st.stm32cube.ide.mcu.externaltools.gnu-tools-for-stm32.11.3.rel1.win32_1.1.1.202309131626/tools/bin/../lib/gcc/arm-none-eabi/11.3.1/../../../../arm-none-eabi/lib/thumb/v7e-m+fp/hard\libc_nano.a(libc_a-freer.o)
                0x000000000800800c                _free_r
 .text.sbrk_aligned
                0x00000000080080a4       0x40 D:/STM32/STM32CubeIDE_1.13.2/STM32CubeIDE/plugins/com.st.stm32cube.ide.mcu.externaltools.gnu-tools-for-stm32.11.3.rel1.win32_1.1.1.202309131626/tools/bin/../lib/gcc/arm-none-eabi/11.3.1/../../../../arm-none-eabi/lib/thumb/v7e-m+fp/hard\libc_nano.a(libc_a-mallocr.o)
 .text._malloc_r
                0x00000000080080e4      0x100 D:/STM32/STM32CubeIDE_1.13.2/STM32CubeIDE/plugins/com.st.stm32cube.ide.mcu.externaltools.gnu-tools-for-stm32.11.3.rel1.win32_1.1.1.202309131626/tools/bin/../lib/gcc/arm-none-eabi/11.3.1/../../../../arm-none-eabi/lib/thumb/v7e-m+fp/hard\libc_nano.a(libc_a-mallocr.o)
                0x00000000080080e4                _malloc_r
 .text.__malloc_lock
                0x00000000080081e4        0xc D:/STM32/STM32CubeIDE_1.13.2/STM32CubeIDE/plugins/com.st.stm32cube.ide.mcu.externaltools.gnu-tools-for-stm32.11.3.rel1.win32_1.1.1.202309131626/tools/bin/../lib/gcc/arm-none-eabi/11.3.1/../../../../arm-none-eabi/lib/thumb/v7e-m+fp/hard\libc_nano.a(libc_a-mlock.o)
                0x00000000080081e4                __malloc_lock
 .text.__malloc_unlock
                0x00000000080081f0        0xc D:/STM32/STM32CubeIDE_1.13.2/STM32CubeIDE/plugins/com.st.stm32cube.ide.mcu.externaltools.gnu-tools-for-stm32.11.3.rel1.win32_1.1.1.202309131626/tools/bin/../lib/gcc/arm-none-eabi/11.3.1/../../../../arm-none-eabi/lib/thumb/v7e-m+fp/hard\libc_nano.a(libc_a-mlock.o)
                0x00000000080081f0                __malloc_unlock
 .text.__sfputc_r
                0x00000000080081fc       0x2e D:/STM32/STM32CubeIDE_1.13.2/STM32CubeIDE/plugins/com.st.stm32cube.ide.mcu.externaltools.gnu-tools-for-stm32.11.3.rel1.win32_1.1.1.202309131626/tools/bin/../lib/gcc/arm-none-eabi/11.3.1/../../../../arm-none-eabi/lib/thumb/v7e-m+fp/hard\libc_nano.a(libc_a-nano-vfprintf.o)
 .text.__sfputs_r
                0x000000000800822a       0x24 D:/STM32/STM32CubeIDE_1.13.2/STM32CubeIDE/plugins/com.st.stm32cube.ide.mcu.externaltools.gnu-tools-for-stm32.11.3.rel1.win32_1.1.1.202309131626/tools/bin/../lib/gcc/arm-none-eabi/11.3.1/../../../../arm-none-eabi/lib/thumb/v7e-m+fp/hard\libc_nano.a(libc_a-nano-vfprintf.o)
                0x000000000800822a                __sfputs_r
 *fill*         0x000000000800824e        0x2 
 .text._vfprintf_r
                0x0000000008008250      0x234 D:/STM32/STM32CubeIDE_1.13.2/STM32CubeIDE/plugins/com.st.stm32cube.ide.mcu.externaltools.gnu-tools-for-stm32.11.3.rel1.win32_1.1.1.202309131626/tools/bin/../lib/gcc/arm-none-eabi/11.3.1/../../../../arm-none-eabi/lib/thumb/v7e-m+fp/hard\libc_nano.a(libc_a-nano-vfprintf.o)
                0x0000000008008250                _vfprintf_r
                0x0000000008008250                _vfiprintf_r
 .text._printf_common
                0x0000000008008484       0xda D:/STM32/STM32CubeIDE_1.13.2/STM32CubeIDE/plugins/com.st.stm32cube.ide.mcu.externaltools.gnu-tools-for-stm32.11.3.rel1.win32_1.1.1.202309131626/tools/bin/../lib/gcc/arm-none-eabi/11.3.1/../../../../arm-none-eabi/lib/thumb/v7e-m+fp/hard\libc_nano.a(libc_a-nano-vfprintf_i.o)
                0x0000000008008484                _printf_common
 *fill*         0x000000000800855e        0x2 
 .text._printf_i
                0x0000000008008560      0x244 D:/STM32/STM32CubeIDE_1.13.2/STM32CubeIDE/plugins/com.st.stm32cube.ide.mcu.externaltools.gnu-tools-for-stm32.11.3.rel1.win32_1.1.1.202309131626/tools/bin/../lib/gcc/arm-none-eabi/11.3.1/../../../../arm-none-eabi/lib/thumb/v7e-m+fp/hard\libc_nano.a(libc_a-nano-vfprintf_i.o)
                0x0000000008008560                _printf_i
 .text.__sflush_r
                0x00000000080087a4      0x10c D:/STM32/STM32CubeIDE_1.13.2/STM32CubeIDE/plugins/com.st.stm32cube.ide.mcu.externaltools.gnu-tools-for-stm32.11.3.rel1.win32_1.1.1.202309131626/tools/bin/../lib/gcc/arm-none-eabi/11.3.1/../../../../arm-none-eabi/lib/thumb/v7e-m+fp/hard\libc_nano.a(libc_a-fflush.o)
                0x00000000080087a4                __sflush_r
 .text._fflush_r
                0x00000000080088b0       0x50 D:/STM32/STM32CubeIDE_1.13.2/STM32CubeIDE/plugins/com.st.stm32cube.ide.mcu.externaltools.gnu-tools-for-stm32.11.3.rel1.win32_1.1.1.202309131626/tools/bin/../lib/gcc/arm-none-eabi/11.3.1/../../../../arm-none-eabi/lib/thumb/v7e-m+fp/hard\libc_nano.a(libc_a-fflush.o)
                0x00000000080088b0                _fflush_r
 .text.__swbuf_r
                0x0000000008008900       0x7a D:/STM32/STM32CubeIDE_1.13.2/STM32CubeIDE/plugins/com.st.stm32cube.ide.mcu.externaltools.gnu-tools-for-stm32.11.3.rel1.win32_1.1.1.202309131626/tools/bin/../lib/gcc/arm-none-eabi/11.3.1/../../../../arm-none-eabi/lib/thumb/v7e-m+fp/hard\libc_nano.a(libc_a-wbuf.o)
                0x0000000008008900                __swbuf_r
 *fill*         0x000000000800897a        0x2 
 .text.__swsetup_r
                0x000000000800897c       0xb0 D:/STM32/STM32CubeIDE_1.13.2/STM32CubeIDE/plugins/com.st.stm32cube.ide.mcu.externaltools.gnu-tools-for-stm32.11.3.rel1.win32_1.1.1.202309131626/tools/bin/../lib/gcc/arm-none-eabi/11.3.1/../../../../arm-none-eabi/lib/thumb/v7e-m+fp/hard\libc_nano.a(libc_a-wsetup.o)
                0x000000000800897c                __swsetup_r
 .text._sbrk_r  0x0000000008008a2c       0x20 D:/STM32/STM32CubeIDE_1.13.2/STM32CubeIDE/plugins/com.st.stm32cube.ide.mcu.externaltools.gnu-tools-for-stm32.11.3.rel1.win32_1.1.1.202309131626/tools/bin/../lib/gcc/arm-none-eabi/11.3.1/../../../../arm-none-eabi/lib/thumb/v7e-m+fp/hard\libc_nano.a(libc_a-sbrkr.o)
                0x0000000008008a2c                _sbrk_r
 .text.__swhatbuf_r
                0x0000000008008a4c       0x4c D:/STM32/STM32CubeIDE_1.13.2/STM32CubeIDE/plugins/com.st.stm32cube.ide.mcu.externaltools.gnu-tools-for-stm32.11.3.rel1.win32_1.1.1.202309131626/tools/bin/../lib/gcc/arm-none-eabi/11.3.1/../../../../arm-none-eabi/lib/thumb/v7e-m+fp/hard\libc_nano.a(libc_a-makebuf.o)
                0x0000000008008a4c                __swhatbuf_r
 .text.__smakebuf_r
                0x0000000008008a98       0x78 D:/STM32/STM32CubeIDE_1.13.2/STM32CubeIDE/plugins/com.st.stm32cube.ide.mcu.externaltools.gnu-tools-for-stm32.11.3.rel1.win32_1.1.1.202309131626/tools/bin/../lib/gcc/arm-none-eabi/11.3.1/../../../../arm-none-eabi/lib/thumb/v7e-m+fp/hard\libc_nano.a(libc_a-makebuf.o)
                0x0000000008008a98                __smakebuf_r
 .text._fstat_r
                0x0000000008008b10       0x24 D:/STM32/STM32CubeIDE_1.13.2/STM32CubeIDE/plugins/com.st.stm32cube.ide.mcu.externaltools.gnu-tools-for-stm32.11.3.rel1.win32_1.1.1.202309131626/tools/bin/../lib/gcc/arm-none-eabi/11.3.1/../../../../arm-none-eabi/lib/thumb/v7e-m+fp/hard\libc_nano.a(libc_a-fstatr.o)
                0x0000000008008b10                _fstat_r
 .text._isatty_r
                0x0000000008008b34       0x20 D:/STM32/STM32CubeIDE_1.13.2/STM32CubeIDE/plugins/com.st.stm32cube.ide.mcu.externaltools.gnu-tools-for-stm32.11.3.rel1.win32_1.1.1.202309131626/tools/bin/../lib/gcc/arm-none-eabi/11.3.1/../../../../arm-none-eabi/lib/thumb/v7e-m+fp/hard\libc_nano.a(libc_a-isattyr.o)
                0x0000000008008b34                _isatty_r
 *(.glue_7)
 .glue_7        0x0000000008008b54        0x0 linker stubs
 *(.glue_7t)
 .glue_7t       0x0000000008008b54        0x0 linker stubs
 *(.eh_frame)
 .eh_frame      0x0000000008008b54        0x0 D:/STM32/STM32CubeIDE_1.13.2/STM32CubeIDE/plugins/com.st.stm32cube.ide.mcu.externaltools.gnu-tools-for-stm32.11.3.rel1.win32_1.1.1.202309131626/tools/bin/../lib/gcc/arm-none-eabi/11.3.1/thumb/v7e-m+fp/hard/crtbegin.o
 *(.init)
 .init          0x0000000008008b54        0x4 D:/STM32/STM32CubeIDE_1.13.2/STM32CubeIDE/plugins/com.st.stm32cube.ide.mcu.externaltools.gnu-tools-for-stm32.11.3.rel1.win32_1.1.1.202309131626/tools/bin/../lib/gcc/arm-none-eabi/11.3.1/thumb/v7e-m+fp/hard/crti.o
                0x0000000008008b54                _init
 .init          0x0000000008008b58        0x8 D:/STM32/STM32CubeIDE_1.13.2/STM32CubeIDE/plugins/com.st.stm32cube.ide.mcu.externaltools.gnu-tools-for-stm32.11.3.rel1.win32_1.1.1.202309131626/tools/bin/../lib/gcc/arm-none-eabi/11.3.1/thumb/v7e-m+fp/hard/crtn.o
 *(.fini)
 .fini          0x0000000008008b60        0x4 D:/STM32/STM32CubeIDE_1.13.2/STM32CubeIDE/plugins/com.st.stm32cube.ide.mcu.externaltools.gnu-tools-for-stm32.11.3.rel1.win32_1.1.1.202309131626/tools/bin/../lib/gcc/arm-none-eabi/11.3.1/thumb/v7e-m+fp/hard/crti.o
                0x0000000008008b60                _fini
 .fini          0x0000000008008b64        0x8 D:/STM32/STM32CubeIDE_1.13.2/STM32CubeIDE/plugins/com.st.stm32cube.ide.mcu.externaltools.gnu-tools-for-stm32.11.3.rel1.win32_1.1.1.202309131626/tools/bin/../lib/gcc/arm-none-eabi/11.3.1/thumb/v7e-m+fp/hard/crtn.o
                0x0000000008008b6c                . = ALIGN (0x4)
                0x0000000008008b6c                _etext = .

.vfp11_veneer   0x0000000008008b6c        0x0
 .vfp11_veneer  0x0000000008008b6c        0x0 linker stubs

.v4_bx          0x0000000008008b6c        0x0
 .v4_bx         0x0000000008008b6c        0x0 linker stubs

.iplt           0x0000000008008b6c        0x0
 .iplt          0x0000000008008b6c        0x0 D:/STM32/STM32CubeIDE_1.13.2/STM32CubeIDE/plugins/com.st.stm32cube.ide.mcu.externaltools.gnu-tools-for-stm32.11.3.rel1.win32_1.1.1.202309131626/tools/bin/../lib/gcc/arm-none-eabi/11.3.1/thumb/v7e-m+fp/hard/crtbegin.o

.rodata         0x0000000008008b6c      0x1dc
                0x0000000008008b6c                . = ALIGN (0x4)
 *(.rodata)
 .rodata        0x0000000008008b6c       0x9d ./Core/Src/freertos.o
 *fill*         0x0000000008008c09        0x3 
 .rodata        0x0000000008008c0c        0x5 ./Middlewares/Third_Party/FreeRTOS/Source/tasks.o
 *fill*         0x0000000008008c11        0x3 
 .rodata        0x0000000008008c14        0xd ./Middlewares/Third_Party/FreeRTOS/Source/timers.o
 *(.rodata*)
 *fill*         0x0000000008008c21        0x3 
 .rodata.segmentMap.0
                0x0000000008008c24        0xc ./Core/Src/2DigitsDispaly.o
 .rodata.ReadSpi_attributes
                0x0000000008008c30       0x24 ./Core/Src/freertos.o
                0x0000000008008c30                ReadSpi_attributes
 .rodata.TwoDigitsWrite_attributes
                0x0000000008008c54       0x24 ./Core/Src/freertos.o
                0x0000000008008c54                TwoDigitsWrite_attributes
 .rodata.FourDigitWrite_attributes
                0x0000000008008c78       0x24 ./Core/Src/freertos.o
                0x0000000008008c78                FourDigitWrite_attributes
 .rodata.PushButtons_attributes
                0x0000000008008c9c       0x24 ./Core/Src/freertos.o
                0x0000000008008c9c                PushButtons_attributes
 .rodata.Clock_attributes
                0x0000000008008cc0       0x24 ./Core/Src/freertos.o
                0x0000000008008cc0                Clock_attributes
 .rodata.UartMutex_attributes
                0x0000000008008ce4       0x10 ./Core/Src/freertos.o
                0x0000000008008ce4                UartMutex_attributes
 .rodata.AHBPrescTable
                0x0000000008008cf4       0x10 ./Core/Src/system_stm32f4xx.o
                0x0000000008008cf4                AHBPrescTable
 .rodata.APBPrescTable
                0x0000000008008d04        0x8 ./Core/Src/system_stm32f4xx.o
                0x0000000008008d04                APBPrescTable
 .rodata.flagBitshiftOffset.0
                0x0000000008008d0c        0x8 ./Drivers/STM32F4xx_HAL_Driver/Src/stm32f4xx_hal_dma.o
 .rodata._vfprintf_r.str1.1
                0x0000000008008d14       0x11 D:/STM32/STM32CubeIDE_1.13.2/STM32CubeIDE/plugins/com.st.stm32cube.ide.mcu.externaltools.gnu-tools-for-stm32.11.3.rel1.win32_1.1.1.202309131626/tools/bin/../lib/gcc/arm-none-eabi/11.3.1/../../../../arm-none-eabi/lib/thumb/v7e-m+fp/hard\libc_nano.a(libc_a-nano-vfprintf.o)
 .rodata._printf_i.str1.1
                0x0000000008008d25       0x22 D:/STM32/STM32CubeIDE_1.13.2/STM32CubeIDE/plugins/com.st.stm32cube.ide.mcu.externaltools.gnu-tools-for-stm32.11.3.rel1.win32_1.1.1.202309131626/tools/bin/../lib/gcc/arm-none-eabi/11.3.1/../../../../arm-none-eabi/lib/thumb/v7e-m+fp/hard\libc_nano.a(libc_a-nano-vfprintf_i.o)
                0x0000000008008d48                . = ALIGN (0x4)
 *fill*         0x0000000008008d47        0x1 

.ARM.extab      0x0000000008008d48        0x0
                0x0000000008008d48                . = ALIGN (0x4)
 *(.ARM.extab* .gnu.linkonce.armextab.*)
                0x0000000008008d48                . = ALIGN (0x4)

.ARM            0x0000000008008d48        0x8
                0x0000000008008d48                . = ALIGN (0x4)
                0x0000000008008d48                __exidx_start = .
 *(.ARM.exidx*)
 .ARM.exidx     0x0000000008008d48        0x8 D:/STM32/STM32CubeIDE_1.13.2/STM32CubeIDE/plugins/com.st.stm32cube.ide.mcu.externaltools.gnu-tools-for-stm32.11.3.rel1.win32_1.1.1.202309131626/tools/bin/../lib/gcc/arm-none-eabi/11.3.1/thumb/v7e-m+fp/hard\libgcc.a(_udivmoddi4.o)
                0x0000000008008d50                __exidx_end = .
                0x0000000008008d50                . = ALIGN (0x4)

.rel.dyn        0x0000000008008d50        0x0
 .rel.iplt      0x0000000008008d50        0x0 D:/STM32/STM32CubeIDE_1.13.2/STM32CubeIDE/plugins/com.st.stm32cube.ide.mcu.externaltools.gnu-tools-for-stm32.11.3.rel1.win32_1.1.1.202309131626/tools/bin/../lib/gcc/arm-none-eabi/11.3.1/thumb/v7e-m+fp/hard/crtbegin.o

.preinit_array  0x0000000008008d50        0x0
                0x0000000008008d50                . = ALIGN (0x4)
                0x0000000008008d50                PROVIDE (__preinit_array_start = .)
 *(.preinit_array*)
                0x0000000008008d50                PROVIDE (__preinit_array_end = .)
                0x0000000008008d50                . = ALIGN (0x4)

.init_array     0x0000000008008d50        0x4
                0x0000000008008d50                . = ALIGN (0x4)
                0x0000000008008d50                PROVIDE (__init_array_start = .)
 *(SORT_BY_NAME(.init_array.*))
 *(.init_array*)
 .init_array    0x0000000008008d50        0x4 D:/STM32/STM32CubeIDE_1.13.2/STM32CubeIDE/plugins/com.st.stm32cube.ide.mcu.externaltools.gnu-tools-for-stm32.11.3.rel1.win32_1.1.1.202309131626/tools/bin/../lib/gcc/arm-none-eabi/11.3.1/thumb/v7e-m+fp/hard/crtbegin.o
                0x0000000008008d54                PROVIDE (__init_array_end = .)
                0x0000000008008d54                . = ALIGN (0x4)

.fini_array     0x0000000008008d54        0x4
                0x0000000008008d54                . = ALIGN (0x4)
                [!provide]                        PROVIDE (__fini_array_start = .)
 *(SORT_BY_NAME(.fini_array.*))
 *(.fini_array*)
 .fini_array    0x0000000008008d54        0x4 D:/STM32/STM32CubeIDE_1.13.2/STM32CubeIDE/plugins/com.st.stm32cube.ide.mcu.externaltools.gnu-tools-for-stm32.11.3.rel1.win32_1.1.1.202309131626/tools/bin/../lib/gcc/arm-none-eabi/11.3.1/thumb/v7e-m+fp/hard/crtbegin.o
                [!provide]                        PROVIDE (__fini_array_end = .)
                0x0000000008008d58                . = ALIGN (0x4)
                0x0000000008008d58                _sidata = LOADADDR (.data)

.data           0x0000000020000000       0x6c load address 0x0000000008008d58
                0x0000000020000000                . = ALIGN (0x4)
                0x0000000020000000                _sdata = .
 *(.data)
 *(.data*)
 .data.SystemCoreClock
                0x0000000020000000        0x4 ./Core/Src/system_stm32f4xx.o
                0x0000000020000000                SystemCoreClock
 .data.uwTickPrio
                0x0000000020000004        0x4 ./Drivers/STM32F4xx_HAL_Driver/Src/stm32f4xx_hal.o
                0x0000000020000004                uwTickPrio
 .data.uwTickFreq
                0x0000000020000008        0x1 ./Drivers/STM32F4xx_HAL_Driver/Src/stm32f4xx_hal.o
                0x0000000020000008                uwTickFreq
 *fill*         0x0000000020000009        0x3 
 .data.uxCriticalNesting
                0x000000002000000c        0x4 ./Middlewares/Third_Party/FreeRTOS/Source/portable/GCC/ARM_CM4F/port.o
 .data.__sglue  0x0000000020000010        0xc D:/STM32/STM32CubeIDE_1.13.2/STM32CubeIDE/plugins/com.st.stm32cube.ide.mcu.externaltools.gnu-tools-for-stm32.11.3.rel1.win32_1.1.1.202309131626/tools/bin/../lib/gcc/arm-none-eabi/11.3.1/../../../../arm-none-eabi/lib/thumb/v7e-m+fp/hard\libc_nano.a(libc_a-findfp.o)
                0x0000000020000010                __sglue
 .data._impure_data
                0x000000002000001c       0x4c D:/STM32/STM32CubeIDE_1.13.2/STM32CubeIDE/plugins/com.st.stm32cube.ide.mcu.externaltools.gnu-tools-for-stm32.11.3.rel1.win32_1.1.1.202309131626/tools/bin/../lib/gcc/arm-none-eabi/11.3.1/../../../../arm-none-eabi/lib/thumb/v7e-m+fp/hard\libc_nano.a(libc_a-impure.o)
                0x000000002000001c                _impure_data
 .data._impure_ptr
                0x0000000020000068        0x4 D:/STM32/STM32CubeIDE_1.13.2/STM32CubeIDE/plugins/com.st.stm32cube.ide.mcu.externaltools.gnu-tools-for-stm32.11.3.rel1.win32_1.1.1.202309131626/tools/bin/../lib/gcc/arm-none-eabi/11.3.1/../../../../arm-none-eabi/lib/thumb/v7e-m+fp/hard\libc_nano.a(libc_a-impure.o)
                0x0000000020000068                _impure_ptr
 *(.RamFunc)
 *(.RamFunc*)
                0x000000002000006c                . = ALIGN (0x4)
                0x000000002000006c                _edata = .

.igot.plt       0x000000002000006c        0x0 load address 0x0000000008008dc4
 .igot.plt      0x000000002000006c        0x0 D:/STM32/STM32CubeIDE_1.13.2/STM32CubeIDE/plugins/com.st.stm32cube.ide.mcu.externaltools.gnu-tools-for-stm32.11.3.rel1.win32_1.1.1.202309131626/tools/bin/../lib/gcc/arm-none-eabi/11.3.1/thumb/v7e-m+fp/hard/crtbegin.o
                0x000000002000006c                . = ALIGN (0x4)

.bss            0x000000002000006c     0x4cf4 load address 0x0000000008008dc4
                0x000000002000006c                _sbss = .
                0x000000002000006c                __bss_start__ = _sbss
 *(.bss)
 .bss           0x000000002000006c       0x1c D:/STM32/STM32CubeIDE_1.13.2/STM32CubeIDE/plugins/com.st.stm32cube.ide.mcu.externaltools.gnu-tools-for-stm32.11.3.rel1.win32_1.1.1.202309131626/tools/bin/../lib/gcc/arm-none-eabi/11.3.1/thumb/v7e-m+fp/hard/crtbegin.o
 *(.bss*)
 .bss.lastTick  0x0000000020000088        0x4 ./Core/Src/2DigitsDispaly.o
                0x0000000020000088                lastTick
 .bss.DpState   0x000000002000008c        0x1 ./Core/Src/2DigitsDispaly.o
                0x000000002000008c                DpState
 *fill*         0x000000002000008d        0x1 
 .bss.number    0x000000002000008e        0x2 ./Core/Src/freertos.o
                0x000000002000008e                number
 .bss.Time      0x0000000020000090       0x14 ./Core/Src/freertos.o
                0x0000000020000090                Time
 .bss.Date      0x00000000200000a4        0x4 ./Core/Src/freertos.o
                0x00000000200000a4                Date
 .bss.ReadSpiHandle
                0x00000000200000a8        0x4 ./Core/Src/freertos.o
                0x00000000200000a8                ReadSpiHandle
 .bss.TwoDigitsWriteHandle
                0x00000000200000ac        0x4 ./Core/Src/freertos.o
                0x00000000200000ac                TwoDigitsWriteHandle
 .bss.FourDigitWriteHandle
                0x00000000200000b0        0x4 ./Core/Src/freertos.o
                0x00000000200000b0                FourDigitWriteHandle
 .bss.PushButtonsHandle
                0x00000000200000b4        0x4 ./Core/Src/freertos.o
                0x00000000200000b4                PushButtonsHandle
 .bss.ClockHandle
                0x00000000200000b8        0x4 ./Core/Src/freertos.o
                0x00000000200000b8                ClockHandle
 .bss.UartMutexHandle
                0x00000000200000bc        0x4 ./Core/Src/freertos.o
                0x00000000200000bc                UartMutexHandle
 .bss.hrtc      0x00000000200000c0       0x20 ./Core/Src/rtc.o
                0x00000000200000c0                hrtc
 .bss.hspi2     0x00000000200000e0       0x58 ./Core/Src/spi.o
                0x00000000200000e0                hspi2
 .bss.hdma_spi2_rx
                0x0000000020000138       0x60 ./Core/Src/spi.o
                0x0000000020000138                hdma_spi2_rx
 .bss.htim3     0x0000000020000198       0x48 ./Core/Src/stm32f4xx_hal_timebase_tim.o
                0x0000000020000198                htim3
 .bss.__sbrk_heap_end
                0x00000000200001e0        0x4 ./Core/Src/sysmem.o
 .bss.huart2    0x00000000200001e4       0x44 ./Core/Src/usart.o
                0x00000000200001e4                huart2
 .bss.uwTick    0x0000000020000228        0x4 ./Drivers/STM32F4xx_HAL_Driver/Src/stm32f4xx_hal.o
                0x0000000020000228                uwTick
 .bss.KernelState
                0x000000002000022c        0x4 ./Middlewares/Third_Party/FreeRTOS/Source/CMSIS_RTOS_V2/cmsis_os2.o
 .bss.Idle_TCB.3
                0x0000000020000230       0xa8 ./Middlewares/Third_Party/FreeRTOS/Source/CMSIS_RTOS_V2/cmsis_os2.o
 .bss.Idle_Stack.2
                0x00000000200002d8      0x200 ./Middlewares/Third_Party/FreeRTOS/Source/CMSIS_RTOS_V2/cmsis_os2.o
 .bss.Timer_TCB.1
                0x00000000200004d8       0xa8 ./Middlewares/Third_Party/FreeRTOS/Source/CMSIS_RTOS_V2/cmsis_os2.o
 .bss.Timer_Stack.0
                0x0000000020000580      0x400 ./Middlewares/Third_Party/FreeRTOS/Source/CMSIS_RTOS_V2/cmsis_os2.o
 .bss.xQueueRegistry
                0x0000000020000980       0x40 ./Middlewares/Third_Party/FreeRTOS/Source/queue.o
                0x0000000020000980                xQueueRegistry
 .bss.pxCurrentTCB
                0x00000000200009c0        0x4 ./Middlewares/Third_Party/FreeRTOS/Source/tasks.o
                0x00000000200009c0                pxCurrentTCB
 .bss.pxReadyTasksLists
                0x00000000200009c4      0x460 ./Middlewares/Third_Party/FreeRTOS/Source/tasks.o
 .bss.xDelayedTaskList1
                0x0000000020000e24       0x14 ./Middlewares/Third_Party/FreeRTOS/Source/tasks.o
 .bss.xDelayedTaskList2
                0x0000000020000e38       0x14 ./Middlewares/Third_Party/FreeRTOS/Source/tasks.o
 .bss.pxDelayedTaskList
                0x0000000020000e4c        0x4 ./Middlewares/Third_Party/FreeRTOS/Source/tasks.o
 .bss.pxOverflowDelayedTaskList
                0x0000000020000e50        0x4 ./Middlewares/Third_Party/FreeRTOS/Source/tasks.o
 .bss.xPendingReadyList
                0x0000000020000e54       0x14 ./Middlewares/Third_Party/FreeRTOS/Source/tasks.o
 .bss.xTasksWaitingTermination
                0x0000000020000e68       0x14 ./Middlewares/Third_Party/FreeRTOS/Source/tasks.o
 .bss.uxDeletedTasksWaitingCleanUp
                0x0000000020000e7c        0x4 ./Middlewares/Third_Party/FreeRTOS/Source/tasks.o
 .bss.xSuspendedTaskList
                0x0000000020000e80       0x14 ./Middlewares/Third_Party/FreeRTOS/Source/tasks.o
 .bss.uxCurrentNumberOfTasks
                0x0000000020000e94        0x4 ./Middlewares/Third_Party/FreeRTOS/Source/tasks.o
 .bss.xTickCount
                0x0000000020000e98        0x4 ./Middlewares/Third_Party/FreeRTOS/Source/tasks.o
 .bss.uxTopReadyPriority
                0x0000000020000e9c        0x4 ./Middlewares/Third_Party/FreeRTOS/Source/tasks.o
 .bss.xSchedulerRunning
                0x0000000020000ea0        0x4 ./Middlewares/Third_Party/FreeRTOS/Source/tasks.o
 .bss.xPendedTicks
                0x0000000020000ea4        0x4 ./Middlewares/Third_Party/FreeRTOS/Source/tasks.o
 .bss.xYieldPending
                0x0000000020000ea8        0x4 ./Middlewares/Third_Party/FreeRTOS/Source/tasks.o
 .bss.xNumOfOverflows
                0x0000000020000eac        0x4 ./Middlewares/Third_Party/FreeRTOS/Source/tasks.o
 .bss.uxTaskNumber
                0x0000000020000eb0        0x4 ./Middlewares/Third_Party/FreeRTOS/Source/tasks.o
 .bss.xNextTaskUnblockTime
                0x0000000020000eb4        0x4 ./Middlewares/Third_Party/FreeRTOS/Source/tasks.o
 .bss.xIdleTaskHandle
                0x0000000020000eb8        0x4 ./Middlewares/Third_Party/FreeRTOS/Source/tasks.o
 .bss.uxSchedulerSuspended
                0x0000000020000ebc        0x4 ./Middlewares/Third_Party/FreeRTOS/Source/tasks.o
 .bss.xActiveTimerList1
                0x0000000020000ec0       0x14 ./Middlewares/Third_Party/FreeRTOS/Source/timers.o
 .bss.xActiveTimerList2
                0x0000000020000ed4       0x14 ./Middlewares/Third_Party/FreeRTOS/Source/timers.o
 .bss.pxCurrentTimerList
                0x0000000020000ee8        0x4 ./Middlewares/Third_Party/FreeRTOS/Source/timers.o
 .bss.pxOverflowTimerList
                0x0000000020000eec        0x4 ./Middlewares/Third_Party/FreeRTOS/Source/timers.o
 .bss.xTimerQueue
                0x0000000020000ef0        0x4 ./Middlewares/Third_Party/FreeRTOS/Source/timers.o
 .bss.xTimerTaskHandle
                0x0000000020000ef4        0x4 ./Middlewares/Third_Party/FreeRTOS/Source/timers.o
 .bss.xLastTime.2
                0x0000000020000ef8        0x4 ./Middlewares/Third_Party/FreeRTOS/Source/timers.o
 .bss.ucStaticTimerQueueStorage.1
                0x0000000020000efc       0xa0 ./Middlewares/Third_Party/FreeRTOS/Source/timers.o
 .bss.xStaticTimerQueue.0
                0x0000000020000f9c       0x50 ./Middlewares/Third_Party/FreeRTOS/Source/timers.o
 .bss.ucMaxSysCallPriority
                0x0000000020000fec        0x1 ./Middlewares/Third_Party/FreeRTOS/Source/portable/GCC/ARM_CM4F/port.o
 *fill*         0x0000000020000fed        0x3 
 .bss.ulMaxPRIGROUPValue
                0x0000000020000ff0        0x4 ./Middlewares/Third_Party/FreeRTOS/Source/portable/GCC/ARM_CM4F/port.o
 .bss.ucHeap    0x0000000020000ff4     0x3c00 ./Middlewares/Third_Party/FreeRTOS/Source/portable/MemMang/heap_4.o
 .bss.xStart    0x0000000020004bf4        0x8 ./Middlewares/Third_Party/FreeRTOS/Source/portable/MemMang/heap_4.o
 .bss.pxEnd     0x0000000020004bfc        0x4 ./Middlewares/Third_Party/FreeRTOS/Source/portable/MemMang/heap_4.o
 .bss.xFreeBytesRemaining
                0x0000000020004c00        0x4 ./Middlewares/Third_Party/FreeRTOS/Source/portable/MemMang/heap_4.o
 .bss.xMinimumEverFreeBytesRemaining
                0x0000000020004c04        0x4 ./Middlewares/Third_Party/FreeRTOS/Source/portable/MemMang/heap_4.o
 .bss.xNumberOfSuccessfulAllocations
                0x0000000020004c08        0x4 ./Middlewares/Third_Party/FreeRTOS/Source/portable/MemMang/heap_4.o
 .bss.xNumberOfSuccessfulFrees
                0x0000000020004c0c        0x4 ./Middlewares/Third_Party/FreeRTOS/Source/portable/MemMang/heap_4.o
 .bss.xBlockAllocatedBit
                0x0000000020004c10        0x4 ./Middlewares/Third_Party/FreeRTOS/Source/portable/MemMang/heap_4.o
 .bss.__sf      0x0000000020004c14      0x138 D:/STM32/STM32CubeIDE_1.13.2/STM32CubeIDE/plugins/com.st.stm32cube.ide.mcu.externaltools.gnu-tools-for-stm32.11.3.rel1.win32_1.1.1.202309131626/tools/bin/../lib/gcc/arm-none-eabi/11.3.1/../../../../arm-none-eabi/lib/thumb/v7e-m+fp/hard\libc_nano.a(libc_a-findfp.o)
                0x0000000020004c14                __sf
 .bss.__stdio_exit_handler
                0x0000000020004d4c        0x4 D:/STM32/STM32CubeIDE_1.13.2/STM32CubeIDE/plugins/com.st.stm32cube.ide.mcu.externaltools.gnu-tools-for-stm32.11.3.rel1.win32_1.1.1.202309131626/tools/bin/../lib/gcc/arm-none-eabi/11.3.1/../../../../arm-none-eabi/lib/thumb/v7e-m+fp/hard\libc_nano.a(libc_a-findfp.o)
                0x0000000020004d4c                __stdio_exit_handler
 .bss.errno     0x0000000020004d50        0x4 D:/STM32/STM32CubeIDE_1.13.2/STM32CubeIDE/plugins/com.st.stm32cube.ide.mcu.externaltools.gnu-tools-for-stm32.11.3.rel1.win32_1.1.1.202309131626/tools/bin/../lib/gcc/arm-none-eabi/11.3.1/../../../../arm-none-eabi/lib/thumb/v7e-m+fp/hard\libc_nano.a(libc_a-reent.o)
                0x0000000020004d50                errno
 .bss.__lock___malloc_recursive_mutex
                0x0000000020004d54        0x1 D:/STM32/STM32CubeIDE_1.13.2/STM32CubeIDE/plugins/com.st.stm32cube.ide.mcu.externaltools.gnu-tools-for-stm32.11.3.rel1.win32_1.1.1.202309131626/tools/bin/../lib/gcc/arm-none-eabi/11.3.1/../../../../arm-none-eabi/lib/thumb/v7e-m+fp/hard\libc_nano.a(libc_a-lock.o)
                0x0000000020004d54                __lock___malloc_recursive_mutex
 .bss.__lock___sfp_recursive_mutex
                0x0000000020004d55        0x1 D:/STM32/STM32CubeIDE_1.13.2/STM32CubeIDE/plugins/com.st.stm32cube.ide.mcu.externaltools.gnu-tools-for-stm32.11.3.rel1.win32_1.1.1.202309131626/tools/bin/../lib/gcc/arm-none-eabi/11.3.1/../../../../arm-none-eabi/lib/thumb/v7e-m+fp/hard\libc_nano.a(libc_a-lock.o)
                0x0000000020004d55                __lock___sfp_recursive_mutex
 *fill*         0x0000000020004d56        0x2 
 .bss.__malloc_free_list
                0x0000000020004d58        0x4 D:/STM32/STM32CubeIDE_1.13.2/STM32CubeIDE/plugins/com.st.stm32cube.ide.mcu.externaltools.gnu-tools-for-stm32.11.3.rel1.win32_1.1.1.202309131626/tools/bin/../lib/gcc/arm-none-eabi/11.3.1/../../../../arm-none-eabi/lib/thumb/v7e-m+fp/hard\libc_nano.a(libc_a-mallocr.o)
                0x0000000020004d58                __malloc_free_list
 .bss.__malloc_sbrk_start
                0x0000000020004d5c        0x4 D:/STM32/STM32CubeIDE_1.13.2/STM32CubeIDE/plugins/com.st.stm32cube.ide.mcu.externaltools.gnu-tools-for-stm32.11.3.rel1.win32_1.1.1.202309131626/tools/bin/../lib/gcc/arm-none-eabi/11.3.1/../../../../arm-none-eabi/lib/thumb/v7e-m+fp/hard\libc_nano.a(libc_a-mallocr.o)
                0x0000000020004d5c                __malloc_sbrk_start
 *(COMMON)
                0x0000000020004d60                . = ALIGN (0x4)
                0x0000000020004d60                _ebss = .
                0x0000000020004d60                __bss_end__ = _ebss

._user_heap_stack
                0x0000000020004d60      0x600 load address 0x0000000008008dc4
                0x0000000020004d60                . = ALIGN (0x8)
                [!provide]                        PROVIDE (end = .)
                0x0000000020004d60                PROVIDE (_end = .)
                0x0000000020004f60                . = (. + _Min_Heap_Size)
 *fill*         0x0000000020004d60      0x200 
                0x0000000020005360                . = (. + _Min_Stack_Size)
 *fill*         0x0000000020004f60      0x400 
                0x0000000020005360                . = ALIGN (0x8)

/DISCARD/
 libc.a(*)
 libm.a(*)
 libgcc.a(*)

.ARM.attributes
                0x0000000000000000       0x30
 *(.ARM.attributes)
 .ARM.attributes
                0x0000000000000000       0x1e D:/STM32/STM32CubeIDE_1.13.2/STM32CubeIDE/plugins/com.st.stm32cube.ide.mcu.externaltools.gnu-tools-for-stm32.11.3.rel1.win32_1.1.1.202309131626/tools/bin/../lib/gcc/arm-none-eabi/11.3.1/thumb/v7e-m+fp/hard/crti.o
 .ARM.attributes
                0x000000000000001e       0x34 D:/STM32/STM32CubeIDE_1.13.2/STM32CubeIDE/plugins/com.st.stm32cube.ide.mcu.externaltools.gnu-tools-for-stm32.11.3.rel1.win32_1.1.1.202309131626/tools/bin/../lib/gcc/arm-none-eabi/11.3.1/thumb/v7e-m+fp/hard/crtbegin.o
 .ARM.attributes
                0x0000000000000052       0x34 ./Core/Src/2DigitsDispaly.o
 .ARM.attributes
                0x0000000000000086       0x34 ./Core/Src/dma.o
 .ARM.attributes
                0x00000000000000ba       0x34 ./Core/Src/freertos.o
 .ARM.attributes
                0x00000000000000ee       0x34 ./Core/Src/gpio.o
 .ARM.attributes
                0x0000000000000122       0x34 ./Core/Src/main.o
 .ARM.attributes
                0x0000000000000156       0x34 ./Core/Src/rtc.o
 .ARM.attributes
                0x000000000000018a       0x34 ./Core/Src/spi.o
 .ARM.attributes
                0x00000000000001be       0x34 ./Core/Src/stm32f4xx_hal_msp.o
 .ARM.attributes
                0x00000000000001f2       0x34 ./Core/Src/stm32f4xx_hal_timebase_tim.o
 .ARM.attributes
                0x0000000000000226       0x34 ./Core/Src/stm32f4xx_it.o
 .ARM.attributes
                0x000000000000025a       0x34 ./Core/Src/syscalls.o
 .ARM.attributes
                0x000000000000028e       0x34 ./Core/Src/sysmem.o
 .ARM.attributes
                0x00000000000002c2       0x34 ./Core/Src/system_stm32f4xx.o
 .ARM.attributes
                0x00000000000002f6       0x34 ./Core/Src/usart.o
 .ARM.attributes
                0x000000000000032a       0x21 ./Core/Startup/startup_stm32f411retx.o
 .ARM.attributes
                0x000000000000034b       0x34 ./Drivers/STM32F4xx_HAL_Driver/Src/stm32f4xx_hal.o
 .ARM.attributes
                0x000000000000037f       0x34 ./Drivers/STM32F4xx_HAL_Driver/Src/stm32f4xx_hal_cortex.o
 .ARM.attributes
                0x00000000000003b3       0x34 ./Drivers/STM32F4xx_HAL_Driver/Src/stm32f4xx_hal_dma.o
 .ARM.attributes
                0x00000000000003e7       0x34 ./Drivers/STM32F4xx_HAL_Driver/Src/stm32f4xx_hal_gpio.o
 .ARM.attributes
                0x000000000000041b       0x34 ./Drivers/STM32F4xx_HAL_Driver/Src/stm32f4xx_hal_rcc.o
 .ARM.attributes
                0x000000000000044f       0x34 ./Drivers/STM32F4xx_HAL_Driver/Src/stm32f4xx_hal_rcc_ex.o
 .ARM.attributes
                0x0000000000000483       0x34 ./Drivers/STM32F4xx_HAL_Driver/Src/stm32f4xx_hal_rtc.o
 .ARM.attributes
                0x00000000000004b7       0x34 ./Drivers/STM32F4xx_HAL_Driver/Src/stm32f4xx_hal_spi.o
 .ARM.attributes
                0x00000000000004eb       0x34 ./Drivers/STM32F4xx_HAL_Driver/Src/stm32f4xx_hal_tim.o
 .ARM.attributes
                0x000000000000051f       0x34 ./Drivers/STM32F4xx_HAL_Driver/Src/stm32f4xx_hal_tim_ex.o
 .ARM.attributes
                0x0000000000000553       0x34 ./Drivers/STM32F4xx_HAL_Driver/Src/stm32f4xx_hal_uart.o
 .ARM.attributes
                0x0000000000000587       0x34 ./Middlewares/Third_Party/FreeRTOS/Source/CMSIS_RTOS_V2/cmsis_os2.o
 .ARM.attributes
                0x00000000000005bb       0x34 ./Middlewares/Third_Party/FreeRTOS/Source/list.o
 .ARM.attributes
                0x00000000000005ef       0x34 ./Middlewares/Third_Party/FreeRTOS/Source/queue.o
 .ARM.attributes
                0x0000000000000623       0x34 ./Middlewares/Third_Party/FreeRTOS/Source/tasks.o
 .ARM.attributes
                0x0000000000000657       0x34 ./Middlewares/Third_Party/FreeRTOS/Source/timers.o
 .ARM.attributes
                0x000000000000068b       0x34 ./Middlewares/Third_Party/FreeRTOS/Source/portable/GCC/ARM_CM4F/port.o
 .ARM.attributes
                0x00000000000006bf       0x34 ./Middlewares/Third_Party/FreeRTOS/Source/portable/MemMang/heap_4.o
 .ARM.attributes
                0x00000000000006f3       0x34 D:/STM32/STM32CubeIDE_1.13.2/STM32CubeIDE/plugins/com.st.stm32cube.ide.mcu.externaltools.gnu-tools-for-stm32.11.3.rel1.win32_1.1.1.202309131626/tools/bin/../lib/gcc/arm-none-eabi/11.3.1/../../../../arm-none-eabi/lib/thumb/v7e-m+fp/hard\libc_nano.a(libc_a-findfp.o)
 .ARM.attributes
                0x0000000000000727       0x34 D:/STM32/STM32CubeIDE_1.13.2/STM32CubeIDE/plugins/com.st.stm32cube.ide.mcu.externaltools.gnu-tools-for-stm32.11.3.rel1.win32_1.1.1.202309131626/tools/bin/../lib/gcc/arm-none-eabi/11.3.1/../../../../arm-none-eabi/lib/thumb/v7e-m+fp/hard\libc_nano.a(libc_a-fwalk.o)
 .ARM.attributes
                0x000000000000075b       0x34 D:/STM32/STM32CubeIDE_1.13.2/STM32CubeIDE/plugins/com.st.stm32cube.ide.mcu.externaltools.gnu-tools-for-stm32.11.3.rel1.win32_1.1.1.202309131626/tools/bin/../lib/gcc/arm-none-eabi/11.3.1/../../../../arm-none-eabi/lib/thumb/v7e-m+fp/hard\libc_nano.a(libc_a-printf.o)
 .ARM.attributes