../Core/Src/CustomDrivers.c:33:6:setSegments	24	static
../Core/Src/CustomDrivers.c:68:6:SetCathode	24	static
../Core/Src/CustomDrivers.c:76:6:WriteDigit	16	static
../Core/Src/CustomDrivers.c:83:6:WriteNumber	24	static
../Core/Src/CustomDrivers.c:97:6:FourDigitsetSegments	32	static
../Core/Src/CustomDrivers.c:142:6:FourDigitsSetCathode	24	static
../Core/Src/CustomDrivers.c:156:6:FourDigitsWrite	16	static
../Core/Src/CustomDrivers.c:162:6:FourDigitsWriteNumber	24	static
../Core/Src/CustomDrivers.c:190:6:SetDP	16	static
../Core/Src/CustomDrivers.c:196:6:DisplayTime	16	static
../Core/Src/CustomDrivers.c:269:6:DisplaySetMinutes	16	static
../Core/Src/CustomDrivers.c:327:6:DisplaySetHours	16	static
../Core/Src/CustomDrivers.c:380:6:AddOneMinuteToRTC	8	static
../Core/Src/CustomDrivers.c:401:6:SubtractOneMinuteFromRTC	8	static
../Core/Src/CustomDrivers.c:421:6:AddOneHourToRTC	8	static
../Core/Src/CustomDrivers.c:454:6:SubtractOneHourFromRTC	8	static
../Core/Src/CustomDrivers.c:490:6:ShowTimeFormat	8	static
../Core/Src/CustomDrivers.c:521:6:ChangeTimeFormat	32	static
../Core/Src/CustomDrivers.c:577:6:DisplayAmPm	8	static
../Core/Src/CustomDrivers.c:611:6:ChangeAMPMFormat	8	static
../Core/Src/CustomDrivers.c:633:9:ReadTemperature	32	static
